===================================================================
 HTTP Router Benchmark (noise-resistant: interleaved + repeated)
 Started:      Fri Aug 21 03:32:25 PM EDT 2026
 Router A:     http://localhost:8080
 Router B:     http://localhost:8081
 Reps/combo:   10   Duration/run: 20s   Threads: 4
 Concurrency levels: 10 50 100 500
===================================================================

>>> Warming up both servers (15s each, not recorded)...
>>> Warmup complete.

=== Concurrency 10 — 10 interleaved, randomized-order reps ===

[RAW OUTPUT] Router B (custom) | concurrency=10 | rep=1
Running 20s test @ http://localhost:8081
  4 threads and 10 connections
  Thread Stats   Avg      Stdev     Max   +/- Stdev
    Latency    92.28us   67.39us   3.34ms   96.64%
    Req/Sec    21.46k     1.11k   23.56k    82.71%
  Latency Distribution
     50%   82.00us
     75%   98.00us
     90%  117.00us
     99%  354.00us
  1716887 requests in 20.10s, 221.83MB read
  Non-2xx or 3xx responses: 429769
Requests/sec:  85419.35
Transfer/sec:     11.04MB
  rep 1/10: Router B (custom) -> 85419.35 req/sec

[RAW OUTPUT] Router A (pattern match) | concurrency=10 | rep=1
Running 20s test @ http://localhost:8080
  4 threads and 10 connections
  Thread Stats   Avg      Stdev     Max   +/- Stdev
    Latency    87.29us   61.25us   3.01ms   96.79%
    Req/Sec    22.57k   796.41    27.21k    70.61%
  Latency Distribution
     50%   78.00us
     75%   93.00us
     90%  111.00us
     99%  315.00us
  1802738 requests in 20.10s, 247.52MB read
  Non-2xx or 3xx responses: 451477
Requests/sec:  89689.93
Transfer/sec:     12.31MB
  rep 1/10: Router A (pattern match) -> 89689.93 req/sec

[RAW OUTPUT] Router A (pattern match) | concurrency=10 | rep=2
Running 20s test @ http://localhost:8080
  4 threads and 10 connections
  Thread Stats   Avg      Stdev     Max   +/- Stdev
    Latency    89.05us   65.90us   3.51ms   96.70%
    Req/Sec    22.26k     1.12k   25.59k    84.68%
  Latency Distribution
     50%   79.00us
     75%   94.00us
     90%  112.00us
     99%  352.00us
  1778542 requests in 20.10s, 244.19MB read
  Non-2xx or 3xx responses: 445392
Requests/sec:  88484.44
Transfer/sec:     12.15MB
  rep 2/10: Router A (pattern match) -> 88484.44 req/sec

[RAW OUTPUT] Router B (custom) | concurrency=10 | rep=2
Running 20s test @ http://localhost:8081
  4 threads and 10 connections
  Thread Stats   Avg      Stdev     Max   +/- Stdev
    Latency    95.12us   84.24us   4.43ms   97.05%
    Req/Sec    21.16k     1.18k   23.58k    85.20%
  Latency Distribution
     50%   83.00us
     75%   99.00us
     90%  118.00us
     99%  397.00us
  1693025 requests in 20.10s, 218.75MB read
  Non-2xx or 3xx responses: 423811
Requests/sec:  84231.05
Transfer/sec:     10.88MB
  rep 2/10: Router B (custom) -> 84231.05 req/sec

[RAW OUTPUT] Router B (custom) | concurrency=10 | rep=3
Running 20s test @ http://localhost:8081
  4 threads and 10 connections
  Thread Stats   Avg      Stdev     Max   +/- Stdev
    Latency    93.31us   66.94us   3.06ms   96.81%
    Req/Sec    21.22k   773.86    24.73k    70.49%
  Latency Distribution
     50%   83.00us
     75%   99.00us
     90%  117.00us
     99%  358.00us
  1694980 requests in 20.10s, 219.00MB read
  Non-2xx or 3xx responses: 424291
Requests/sec:  84327.60
Transfer/sec:     10.90MB
  rep 3/10: Router B (custom) -> 84327.60 req/sec

[RAW OUTPUT] Router A (pattern match) | concurrency=10 | rep=3
Running 20s test @ http://localhost:8080
  4 threads and 10 connections
  Thread Stats   Avg      Stdev     Max   +/- Stdev
    Latency    88.29us   58.93us   3.17ms   96.71%
    Req/Sec    22.22k   745.35    25.27k    68.00%
  Latency Distribution
     50%   79.00us
     75%   95.00us
     90%  112.00us
     99%  313.00us
  1775607 requests in 20.10s, 243.79MB read
  Non-2xx or 3xx responses: 444668
Requests/sec:  88342.34
Transfer/sec:     12.13MB
  rep 3/10: Router A (pattern match) -> 88342.34 req/sec

[RAW OUTPUT] Router A (pattern match) | concurrency=10 | rep=4
Running 20s test @ http://localhost:8080
  4 threads and 10 connections
  Thread Stats   Avg      Stdev     Max   +/- Stdev
    Latency    90.45us   67.69us   3.10ms   96.88%
    Req/Sec    21.89k     1.23k   28.51k    87.41%
  Latency Distribution
     50%   80.00us
     75%   96.00us
     90%  113.00us
     99%  352.00us
  1746123 requests in 20.10s, 239.74MB read
  Non-2xx or 3xx responses: 437208
Requests/sec:  86874.67
Transfer/sec:     11.93MB
  rep 4/10: Router A (pattern match) -> 86874.67 req/sec

[RAW OUTPUT] Router B (custom) | concurrency=10 | rep=4
Running 20s test @ http://localhost:8081
  4 threads and 10 connections
  Thread Stats   Avg      Stdev     Max   +/- Stdev
    Latency    92.39us   62.69us   3.25ms   96.69%
    Req/Sec    21.31k   806.59    25.16k    75.59%
  Latency Distribution
     50%   83.00us
     75%   99.00us
     90%  117.00us
     99%  338.00us
  1702624 requests in 20.10s, 219.99MB read
  Non-2xx or 3xx responses: 426176
Requests/sec:  84711.45
Transfer/sec:     10.95MB
  rep 4/10: Router B (custom) -> 84711.45 req/sec

[RAW OUTPUT] Router A (pattern match) | concurrency=10 | rep=5
Running 20s test @ http://localhost:8080
  4 threads and 10 connections
  Thread Stats   Avg      Stdev     Max   +/- Stdev
    Latency    89.40us   73.35us   5.33ms   97.08%
    Req/Sec    22.24k     1.12k   25.47k    84.81%
  Latency Distribution
     50%   79.00us
     75%   94.00us
     90%  112.00us
     99%  343.00us
  1777430 requests in 20.10s, 244.04MB read
  Non-2xx or 3xx responses: 445115
Requests/sec:  88429.59
Transfer/sec:     12.14MB
  rep 5/10: Router A (pattern match) -> 88429.59 req/sec

[RAW OUTPUT] Router B (custom) | concurrency=10 | rep=5
Running 20s test @ http://localhost:8081
  4 threads and 10 connections
  Thread Stats   Avg      Stdev     Max   +/- Stdev
    Latency    94.34us   72.88us   2.91ms   96.67%
    Req/Sec    21.21k   766.21    23.72k    67.04%
  Latency Distribution
     50%   83.00us
     75%   99.00us
     90%  118.00us
     99%  398.00us
  1696464 requests in 20.10s, 219.19MB read
  Non-2xx or 3xx responses: 424646
Requests/sec:  84404.13
Transfer/sec:     10.91MB
  rep 5/10: Router B (custom) -> 84404.13 req/sec

[RAW OUTPUT] Router B (custom) | concurrency=10 | rep=6
Running 20s test @ http://localhost:8081
  4 threads and 10 connections
  Thread Stats   Avg      Stdev     Max   +/- Stdev
    Latency    93.62us   78.47us   5.32ms   96.99%
    Req/Sec    21.32k     1.18k   32.68k    83.90%
  Latency Distribution
     50%   83.00us
     75%   98.00us
     90%  117.00us
     99%  375.00us
  1699212 requests in 20.10s, 219.55MB read
  Non-2xx or 3xx responses: 425325
Requests/sec:  84539.98
Transfer/sec:     10.92MB
  rep 6/10: Router B (custom) -> 84539.98 req/sec

[RAW OUTPUT] Router A (pattern match) | concurrency=10 | rep=6
Running 20s test @ http://localhost:8080
  4 threads and 10 connections
  Thread Stats   Avg      Stdev     Max   +/- Stdev
    Latency    88.33us   59.66us   2.29ms   96.49%
    Req/Sec    22.31k   774.35    24.86k    67.66%
  Latency Distribution
     50%   79.00us
     75%   94.00us
     90%  112.00us
     99%  329.00us
  1784541 requests in 20.10s, 245.02MB read
  Non-2xx or 3xx responses: 446888
Requests/sec:  88786.71
Transfer/sec:     12.19MB
  rep 6/10: Router A (pattern match) -> 88786.71 req/sec

[RAW OUTPUT] Router B (custom) | concurrency=10 | rep=7
Running 20s test @ http://localhost:8081
  4 threads and 10 connections
  Thread Stats   Avg      Stdev     Max   +/- Stdev
    Latency    92.46us   65.75us   2.97ms   96.82%
    Req/Sec    21.36k     1.09k   24.40k    84.81%
  Latency Distribution
     50%   83.00us
     75%   98.00us
     90%  116.00us
     99%  341.00us
  1706175 requests in 20.10s, 220.45MB read
  Non-2xx or 3xx responses: 427068
Requests/sec:  84887.85
Transfer/sec:     10.97MB
  rep 7/10: Router B (custom) -> 84887.85 req/sec

[RAW OUTPUT] Router A (pattern match) | concurrency=10 | rep=7
Running 20s test @ http://localhost:8080
  4 threads and 10 connections
  Thread Stats   Avg      Stdev     Max   +/- Stdev
    Latency    87.44us   59.30us   2.72ms   96.67%
    Req/Sec    22.50k   752.18    24.61k    68.28%
  Latency Distribution
     50%   78.00us
     75%   93.00us
     90%  111.00us
     99%  313.00us
  1799322 requests in 20.10s, 247.05MB read
  Non-2xx or 3xx responses: 450603
Requests/sec:  89518.95
Transfer/sec:     12.29MB
  rep 7/10: Router A (pattern match) -> 89518.95 req/sec

[RAW OUTPUT] Router A (pattern match) | concurrency=10 | rep=8
Running 20s test @ http://localhost:8080
  4 threads and 10 connections
  Thread Stats   Avg      Stdev     Max   +/- Stdev
    Latency    87.64us   59.35us   2.57ms   96.59%
    Req/Sec    22.43k     0.89k   32.29k    71.66%
  Latency Distribution
     50%   78.00us
     75%   93.00us
     90%  111.00us
     99%  318.00us
  1787068 requests in 20.10s, 245.36MB read
  Non-2xx or 3xx responses: 447520
Requests/sec:  88912.66
Transfer/sec:     12.21MB
  rep 8/10: Router A (pattern match) -> 88912.66 req/sec

[RAW OUTPUT] Router B (custom) | concurrency=10 | rep=8
Running 20s test @ http://localhost:8081
  4 threads and 10 connections
  Thread Stats   Avg      Stdev     Max   +/- Stdev
    Latency    93.14us   71.65us   3.46ms   96.80%
    Req/Sec    21.36k     1.10k   23.94k    85.55%
  Latency Distribution
     50%   82.00us
     75%   98.00us
     90%  117.00us
     99%  367.00us
  1706712 requests in 20.10s, 220.52MB read
  Non-2xx or 3xx responses: 427194
Requests/sec:  84914.03
Transfer/sec:     10.97MB
  rep 8/10: Router B (custom) -> 84914.03 req/sec

[RAW OUTPUT] Router B (custom) | concurrency=10 | rep=9
Running 20s test @ http://localhost:8081
  4 threads and 10 connections
  Thread Stats   Avg      Stdev     Max   +/- Stdev
    Latency    92.15us   62.85us   3.08ms   96.66%
    Req/Sec    21.38k   772.82    23.23k    69.40%
  Latency Distribution
     50%   83.00us
     75%   98.00us
     90%  116.00us
     99%  333.00us
  1709934 requests in 20.10s, 220.93MB read
  Non-2xx or 3xx responses: 428012
Requests/sec:  85073.32
Transfer/sec:     10.99MB
  rep 9/10: Router B (custom) -> 85073.32 req/sec

[RAW OUTPUT] Router A (pattern match) | concurrency=10 | rep=9
Running 20s test @ http://localhost:8080
  4 threads and 10 connections
  Thread Stats   Avg      Stdev     Max   +/- Stdev
    Latency    88.18us   61.76us   3.05ms   96.64%
    Req/Sec    22.36k   760.44    24.51k    69.65%
  Latency Distribution
     50%   79.00us
     75%   94.00us
     90%  112.00us
     99%  324.00us
  1788574 requests in 20.10s, 245.57MB read
  Non-2xx or 3xx responses: 447911
Requests/sec:  88986.62
Transfer/sec:     12.22MB
  rep 9/10: Router A (pattern match) -> 88986.62 req/sec

[RAW OUTPUT] Router B (custom) | concurrency=10 | rep=10
Running 20s test @ http://localhost:8081
  4 threads and 10 connections
  Thread Stats   Avg      Stdev     Max   +/- Stdev
    Latency    92.74us   63.56us   3.07ms   96.70%
    Req/Sec    21.24k   774.00    24.97k    69.33%
  Latency Distribution
     50%   83.00us
     75%   99.00us
     90%  117.00us
     99%  339.00us
  1694420 requests in 20.10s, 218.93MB read
  Non-2xx or 3xx responses: 424132
Requests/sec:  84302.45
Transfer/sec:     10.89MB
  rep 10/10: Router B (custom) -> 84302.45 req/sec

[RAW OUTPUT] Router A (pattern match) | concurrency=10 | rep=10
Running 20s test @ http://localhost:8080
  4 threads and 10 connections
  Thread Stats   Avg      Stdev     Max   +/- Stdev
    Latency    90.50us   73.97us   3.19ms   96.95%
    Req/Sec    22.06k     1.40k   27.93k    90.40%
  Latency Distribution
     50%   79.00us
     75%   95.00us
     90%  114.00us
     99%  364.00us
  1760468 requests in 20.10s, 241.71MB read
  Non-2xx or 3xx responses: 440937
Requests/sec:  87586.27
Transfer/sec:     12.03MB
  rep 10/10: Router A (pattern match) -> 87586.27 req/sec

=== Concurrency 50 — 10 interleaved, randomized-order reps ===

[RAW OUTPUT] Router B (custom) | concurrency=50 | rep=1
Running 20s test @ http://localhost:8081
  4 threads and 50 connections
  Thread Stats   Avg      Stdev     Max   +/- Stdev
    Latency   335.14us  377.24us  10.12ms   92.69%
    Req/Sec    35.23k     2.69k   41.29k    73.12%
  Latency Distribution
     50%  227.00us
     75%  341.00us
     90%  589.00us
     99%    2.21ms
  2804576 requests in 20.01s, 362.38MB read
  Non-2xx or 3xx responses: 701445
Requests/sec: 140181.90
Transfer/sec:     18.11MB
  rep 1/10: Router B (custom) -> 140181.90 req/sec

[RAW OUTPUT] Router A (pattern match) | concurrency=50 | rep=1
Running 20s test @ http://localhost:8080
  4 threads and 50 connections
  Thread Stats   Avg      Stdev     Max   +/- Stdev
    Latency   320.34us  349.53us   9.50ms   92.82%
    Req/Sec    36.00k     2.27k   44.25k    70.50%
  Latency Distribution
     50%  224.00us
     75%  329.00us
     90%  553.00us
     99%    2.07ms
  2866323 requests in 20.01s, 393.60MB read
  Non-2xx or 3xx responses: 716576
Requests/sec: 143261.89
Transfer/sec:     19.67MB
  rep 1/10: Router A (pattern match) -> 143261.89 req/sec

[RAW OUTPUT] Router B (custom) | concurrency=50 | rep=2
Running 20s test @ http://localhost:8081
  4 threads and 50 connections
  Thread Stats   Avg      Stdev     Max   +/- Stdev
    Latency   336.97us  377.51us   9.46ms   92.65%
    Req/Sec    34.83k     2.93k   42.86k    75.25%
  Latency Distribution
     50%  230.00us
     75%  342.00us
     90%  591.00us
     99%    2.21ms
  2773077 requests in 20.00s, 358.31MB read
  Non-2xx or 3xx responses: 693600
Requests/sec: 138620.21
Transfer/sec:     17.91MB
  rep 2/10: Router B (custom) -> 138620.21 req/sec

[RAW OUTPUT] Router A (pattern match) | concurrency=50 | rep=2
Running 20s test @ http://localhost:8080
  4 threads and 50 connections
  Thread Stats   Avg      Stdev     Max   +/- Stdev
    Latency   322.33us  359.42us   7.91ms   92.90%
    Req/Sec    35.93k     2.25k   45.05k    70.75%
  Latency Distribution
     50%  224.00us
     75%  328.00us
     90%  556.00us
     99%    2.13ms
  2860292 requests in 20.01s, 392.77MB read
  Non-2xx or 3xx responses: 715082
Requests/sec: 142951.93
Transfer/sec:     19.63MB
  rep 2/10: Router A (pattern match) -> 142951.93 req/sec

[RAW OUTPUT] Router B (custom) | concurrency=50 | rep=3
Running 20s test @ http://localhost:8081
  4 threads and 50 connections
  Thread Stats   Avg      Stdev     Max   +/- Stdev
    Latency   333.07us  369.63us  10.82ms   92.77%
    Req/Sec    34.99k     2.31k   42.77k    70.38%
  Latency Distribution
     50%  230.00us
     75%  341.00us
     90%  581.00us
     99%    2.14ms
  2785472 requests in 20.01s, 359.91MB read
  Non-2xx or 3xx responses: 696660
Requests/sec: 139213.72
Transfer/sec:     17.99MB
  rep 3/10: Router B (custom) -> 139213.72 req/sec

[RAW OUTPUT] Router A (pattern match) | concurrency=50 | rep=3
Running 20s test @ http://localhost:8080
  4 threads and 50 connections
  Thread Stats   Avg      Stdev     Max   +/- Stdev
    Latency   332.99us  376.41us  12.31ms   92.77%
    Req/Sec    35.15k     2.88k   72.62k    73.78%
  Latency Distribution
     50%  227.00us
     75%  339.00us
     90%  583.00us
     99%    2.23ms
  2802729 requests in 20.10s, 384.85MB read
  Non-2xx or 3xx responses: 700961
Requests/sec: 139437.55
Transfer/sec:     19.15MB
  rep 3/10: Router A (pattern match) -> 139437.55 req/sec

[RAW OUTPUT] Router A (pattern match) | concurrency=50 | rep=4
Running 20s test @ http://localhost:8080
  4 threads and 50 connections
  Thread Stats   Avg      Stdev     Max   +/- Stdev
    Latency   328.50us  369.49us  11.75ms   92.91%
    Req/Sec    35.26k     2.32k   41.69k    71.00%
  Latency Distribution
     50%  227.00us
     75%  335.00us
     90%  569.00us
     99%    2.16ms
  2807276 requests in 20.01s, 385.48MB read
  Non-2xx or 3xx responses: 702106
Requests/sec: 140294.01
Transfer/sec:     19.26MB
  rep 4/10: Router A (pattern match) -> 140294.01 req/sec

[RAW OUTPUT] Router B (custom) | concurrency=50 | rep=4
Running 20s test @ http://localhost:8081
  4 threads and 50 connections
  Thread Stats   Avg      Stdev     Max   +/- Stdev
    Latency   331.83us  363.85us  10.16ms   92.68%
    Req/Sec    35.00k     2.31k   42.98k    70.88%
  Latency Distribution
     50%  229.00us
     75%  340.00us
     90%  579.00us
     99%    2.14ms
  2785916 requests in 20.00s, 359.96MB read
  Non-2xx or 3xx responses: 696875
Requests/sec: 139262.09
Transfer/sec:     17.99MB
  rep 4/10: Router B (custom) -> 139262.09 req/sec

[RAW OUTPUT] Router B (custom) | concurrency=50 | rep=5
Running 20s test @ http://localhost:8081
  4 threads and 50 connections
  Thread Stats   Avg      Stdev     Max   +/- Stdev
    Latency   330.87us  361.71us   7.80ms   92.81%
    Req/Sec    35.02k     2.24k   43.17k    71.88%
  Latency Distribution
     50%  231.00us
     75%  340.00us
     90%  572.00us
     99%    2.13ms
  2788191 requests in 20.01s, 360.26MB read
  Non-2xx or 3xx responses: 697443
Requests/sec: 139334.99
Transfer/sec:     18.00MB
  rep 5/10: Router B (custom) -> 139334.99 req/sec

[RAW OUTPUT] Router A (pattern match) | concurrency=50 | rep=5
Running 20s test @ http://localhost:8080
  4 threads and 50 connections
  Thread Stats   Avg      Stdev     Max   +/- Stdev
    Latency   323.75us  357.56us  12.17ms   92.98%
    Req/Sec    35.45k     2.27k   45.39k    70.88%
  Latency Distribution
     50%  227.00us
     75%  332.00us
     90%  557.00us
     99%    2.08ms
  2822070 requests in 20.01s, 387.52MB read
  Non-2xx or 3xx responses: 705674
Requests/sec: 141058.76
Transfer/sec:     19.37MB
  rep 5/10: Router A (pattern match) -> 141058.76 req/sec

[RAW OUTPUT] Router B (custom) | concurrency=50 | rep=6
Running 20s test @ http://localhost:8081
  4 threads and 50 connections
  Thread Stats   Avg      Stdev     Max   +/- Stdev
    Latency   336.90us  367.24us   9.23ms   92.68%
    Req/Sec    34.41k     2.34k   40.58k    73.25%
  Latency Distribution
     50%  234.00us
     75%  347.00us
     90%  587.00us
     99%    2.14ms
  2738989 requests in 20.01s, 353.91MB read
  Non-2xx or 3xx responses: 684938
Requests/sec: 136905.91
Transfer/sec:     17.69MB
  rep 6/10: Router B (custom) -> 136905.91 req/sec

[RAW OUTPUT] Router A (pattern match) | concurrency=50 | rep=6
Running 20s test @ http://localhost:8080
  4 threads and 50 connections
  Thread Stats   Avg      Stdev     Max   +/- Stdev
    Latency   326.71us  358.82us   7.56ms   92.88%
    Req/Sec    35.37k     2.04k   42.47k    71.00%
  Latency Distribution
     50%  229.00us
     75%  335.00us
     90%  563.00us
     99%    2.12ms
  2815322 requests in 20.00s, 386.59MB read
  Non-2xx or 3xx responses: 704040
Requests/sec: 140733.30
Transfer/sec:     19.32MB
  rep 6/10: Router A (pattern match) -> 140733.30 req/sec

[RAW OUTPUT] Router B (custom) | concurrency=50 | rep=7
Running 20s test @ http://localhost:8081
  4 threads and 50 connections
  Thread Stats   Avg      Stdev     Max   +/- Stdev
    Latency   345.01us  387.36us  15.38ms   92.63%
    Req/Sec    34.16k     2.47k   42.53k    68.75%
  Latency Distribution
     50%  235.00us
     75%  354.00us
     90%  611.00us
     99%    2.24ms
  2720503 requests in 20.01s, 351.52MB read
  Non-2xx or 3xx responses: 680487
Requests/sec: 135942.59
Transfer/sec:     17.57MB
  rep 7/10: Router B (custom) -> 135942.59 req/sec

[RAW OUTPUT] Router A (pattern match) | concurrency=50 | rep=7
Running 20s test @ http://localhost:8080
  4 threads and 50 connections
  Thread Stats   Avg      Stdev     Max   +/- Stdev
    Latency   328.86us  419.26us  19.04ms   93.98%
    Req/Sec    35.50k     2.22k   42.80k    70.50%
  Latency Distribution
     50%  228.00us
     75%  331.00us
     90%  553.00us
     99%    2.20ms
  2825443 requests in 20.01s, 387.98MB read
  Non-2xx or 3xx responses: 706517
Requests/sec: 141212.40
Transfer/sec:     19.39MB
  rep 7/10: Router A (pattern match) -> 141212.40 req/sec

[RAW OUTPUT] Router A (pattern match) | concurrency=50 | rep=8
Running 20s test @ http://localhost:8080
  4 threads and 50 connections
  Thread Stats   Avg      Stdev     Max   +/- Stdev
    Latency   334.25us  421.19us  19.24ms   93.60%
    Req/Sec    35.18k     2.39k   47.10k    72.75%
  Latency Distribution
     50%  228.00us
     75%  336.00us
     90%  573.00us
     99%    2.23ms
  2801624 requests in 20.01s, 384.70MB read
  Non-2xx or 3xx responses: 700686
Requests/sec: 140016.37
Transfer/sec:     19.23MB
  rep 8/10: Router A (pattern match) -> 140016.37 req/sec

[RAW OUTPUT] Router B (custom) | concurrency=50 | rep=8
Running 20s test @ http://localhost:8081
  4 threads and 50 connections
  Thread Stats   Avg      Stdev     Max   +/- Stdev
    Latency   347.82us  449.94us  18.23ms   93.73%
    Req/Sec    34.35k     2.38k   42.25k    73.12%
  Latency Distribution
     50%  234.00us
     75%  349.00us
     90%  600.00us
     99%    2.32ms
  2735123 requests in 20.01s, 353.41MB read
  Non-2xx or 3xx responses: 684026
Requests/sec: 136706.72
Transfer/sec:     17.66MB
  rep 8/10: Router B (custom) -> 136706.72 req/sec

[RAW OUTPUT] Router B (custom) | concurrency=50 | rep=9
Running 20s test @ http://localhost:8081
  4 threads and 50 connections
  Thread Stats   Avg      Stdev     Max   +/- Stdev
    Latency   353.40us  429.86us  21.24ms   93.00%
    Req/Sec    34.00k     2.75k   43.60k    72.25%
  Latency Distribution
     50%  235.00us
     75%  357.00us
     90%  626.00us
     99%    2.37ms
  2707435 requests in 20.01s, 349.83MB read
  Non-2xx or 3xx responses: 677161
Requests/sec: 135318.60
Transfer/sec:     17.48MB
  rep 9/10: Router B (custom) -> 135318.60 req/sec

[RAW OUTPUT] Router A (pattern match) | concurrency=50 | rep=9
Running 20s test @ http://localhost:8080
  4 threads and 50 connections
  Thread Stats   Avg      Stdev     Max   +/- Stdev
    Latency   341.81us  493.11us  19.36ms   94.30%
    Req/Sec    35.21k     2.45k   43.43k    70.25%
  Latency Distribution
     50%  227.00us
     75%  338.00us
     90%  586.00us
     99%    2.31ms
  2804249 requests in 20.01s, 385.06MB read
  Non-2xx or 3xx responses: 701350
Requests/sec: 140118.39
Transfer/sec:     19.24MB
  rep 9/10: Router A (pattern match) -> 140118.39 req/sec

[RAW OUTPUT] Router B (custom) | concurrency=50 | rep=10
Running 20s test @ http://localhost:8081
  4 threads and 50 connections
  Thread Stats   Avg      Stdev     Max   +/- Stdev
    Latency   345.84us  467.59us  26.27ms   93.90%
    Req/Sec    34.49k     2.76k   43.22k    71.12%
  Latency Distribution
     50%  232.00us
     75%  344.00us
     90%  596.00us
     99%    2.30ms
  2745829 requests in 20.01s, 354.79MB read
  Non-2xx or 3xx responses: 686679
Requests/sec: 137250.36
Transfer/sec:     17.73MB
  rep 10/10: Router B (custom) -> 137250.36 req/sec

[RAW OUTPUT] Router A (pattern match) | concurrency=50 | rep=10
Running 20s test @ http://localhost:8080
  4 threads and 50 connections
  Thread Stats   Avg      Stdev     Max   +/- Stdev
    Latency   348.74us  532.02us  21.34ms   94.55%
    Req/Sec    35.08k     3.12k   44.51k    76.88%
  Latency Distribution
     50%  228.00us
     75%  337.00us
     90%  591.00us
     99%    2.43ms
  2793691 requests in 20.01s, 383.61MB read
  Non-2xx or 3xx responses: 698851
Requests/sec: 139607.93
Transfer/sec:     19.17MB
  rep 10/10: Router A (pattern match) -> 139607.93 req/sec

=== Concurrency 100 — 10 interleaved, randomized-order reps ===

[RAW OUTPUT] Router B (custom) | concurrency=100 | rep=1
Running 20s test @ http://localhost:8081
  4 threads and 100 connections
  Thread Stats   Avg      Stdev     Max   +/- Stdev
    Latency   563.78us  515.69us  22.49ms   90.33%
    Req/Sec    36.94k     3.83k   52.28k    75.38%
  Latency Distribution
     50%  417.00us
     75%  645.00us
     90%    1.06ms
     99%    2.82ms
  2941856 requests in 20.02s, 380.13MB read
  Non-2xx or 3xx responses: 735826
Requests/sec: 146946.45
Transfer/sec:     18.99MB
  rep 1/10: Router B (custom) -> 146946.45 req/sec

[RAW OUTPUT] Router A (pattern match) | concurrency=100 | rep=1
Running 20s test @ http://localhost:8080
  4 threads and 100 connections
  Thread Stats   Avg      Stdev     Max   +/- Stdev
    Latency   550.75us  564.41us  20.29ms   91.75%
    Req/Sec    37.56k     3.88k   52.05k    75.38%
  Latency Distribution
     50%  405.00us
     75%  619.00us
     90%    1.01ms
     99%    2.82ms
  2990106 requests in 20.02s, 410.57MB read
  Non-2xx or 3xx responses: 747890
Requests/sec: 149347.45
Transfer/sec:     20.51MB
  rep 1/10: Router A (pattern match) -> 149347.45 req/sec

[RAW OUTPUT] Router B (custom) | concurrency=100 | rep=2
Running 20s test @ http://localhost:8081
  4 threads and 100 connections
  Thread Stats   Avg      Stdev     Max   +/- Stdev
    Latency   616.66us  573.91us  16.84ms   89.78%
    Req/Sec    34.88k     3.70k   49.42k    76.25%
  Latency Distribution
     50%  444.00us
     75%  731.00us
     90%    1.20ms
     99%    2.99ms
  2777129 requests in 20.03s, 358.83MB read
  Non-2xx or 3xx responses: 694589
Requests/sec: 138664.21
Transfer/sec:     17.92MB
  rep 2/10: Router B (custom) -> 138664.21 req/sec

[RAW OUTPUT] Router A (pattern match) | concurrency=100 | rep=2
Running 20s test @ http://localhost:8080
  4 threads and 100 connections
  Thread Stats   Avg      Stdev     Max   +/- Stdev
    Latency   573.50us  564.07us  24.97ms   91.13%
    Req/Sec    36.36k     2.47k   44.88k    74.25%
  Latency Distribution
     50%  428.00us
     75%  681.00us
     90%    1.08ms
     99%    2.61ms
  2894496 requests in 20.01s, 397.46MB read
  Non-2xx or 3xx responses: 723742
Requests/sec: 144624.47
Transfer/sec:     19.86MB
  rep 2/10: Router A (pattern match) -> 144624.47 req/sec

[RAW OUTPUT] Router A (pattern match) | concurrency=100 | rep=3
Running 20s test @ http://localhost:8080
  4 threads and 100 connections
  Thread Stats   Avg      Stdev     Max   +/- Stdev
    Latency   572.61us  545.24us  27.39ms   90.78%
    Req/Sec    36.46k     2.49k   46.96k    72.38%
  Latency Distribution
     50%  426.00us
     75%  675.00us
     90%    1.08ms
     99%    2.67ms
  2903005 requests in 20.02s, 398.63MB read
  Non-2xx or 3xx responses: 725913
Requests/sec: 144979.46
Transfer/sec:     19.91MB
  rep 3/10: Router A (pattern match) -> 144979.46 req/sec

[RAW OUTPUT] Router B (custom) | concurrency=100 | rep=3
Running 20s test @ http://localhost:8081
  4 threads and 100 connections
  Thread Stats   Avg      Stdev     Max   +/- Stdev
    Latency   610.75us  705.62us  27.70ms   92.55%
    Req/Sec    35.40k     2.94k   46.34k    75.62%
  Latency Distribution
     50%  441.00us
     75%  714.00us
     90%    1.16ms
     99%    2.87ms
  2818615 requests in 20.03s, 364.19MB read
  Non-2xx or 3xx responses: 704878
Requests/sec: 140687.01
Transfer/sec:     18.18MB
  rep 3/10: Router B (custom) -> 140687.01 req/sec

[RAW OUTPUT] Router A (pattern match) | concurrency=100 | rep=4
Running 20s test @ http://localhost:8080
  4 threads and 100 connections
  Thread Stats   Avg      Stdev     Max   +/- Stdev
    Latency   566.26us  508.29us  23.47ms   90.14%
    Req/Sec    36.59k     2.48k   43.53k    69.25%
  Latency Distribution
     50%  424.00us
     75%  671.00us
     90%    1.07ms
     99%    2.62ms
  2913001 requests in 20.01s, 399.99MB read
  Non-2xx or 3xx responses: 728556
Requests/sec: 145545.01
Transfer/sec:     19.99MB
  rep 4/10: Router A (pattern match) -> 145545.01 req/sec

[RAW OUTPUT] Router B (custom) | concurrency=100 | rep=4
Running 20s test @ http://localhost:8081
  4 threads and 100 connections
  Thread Stats   Avg      Stdev     Max   +/- Stdev
    Latency   591.13us  527.56us  22.26ms   89.77%
    Req/Sec    35.65k     2.33k   45.17k    72.50%
  Latency Distribution
     50%  439.00us
     75%  704.00us
     90%    1.13ms
     99%    2.71ms
  2838259 requests in 20.02s, 366.74MB read
  Non-2xx or 3xx responses: 709632
Requests/sec: 141769.17
Transfer/sec:     18.32MB
  rep 4/10: Router B (custom) -> 141769.17 req/sec

[RAW OUTPUT] Router B (custom) | concurrency=100 | rep=5
Running 20s test @ http://localhost:8081
  4 threads and 100 connections
  Thread Stats   Avg      Stdev     Max   +/- Stdev
    Latency   591.51us  551.45us  22.60ms   90.21%
    Req/Sec    35.51k     2.53k   44.96k    72.25%
  Latency Distribution
     50%  439.00us
     75%  701.00us
     90%    1.13ms
     99%    2.71ms
  2827729 requests in 20.03s, 365.37MB read
  Non-2xx or 3xx responses: 707062
Requests/sec: 141191.70
Transfer/sec:     18.24MB
  rep 5/10: Router B (custom) -> 141191.70 req/sec

[RAW OUTPUT] Router A (pattern match) | concurrency=100 | rep=5
Running 20s test @ http://localhost:8080
  4 threads and 100 connections
  Thread Stats   Avg      Stdev     Max   +/- Stdev
    Latency   591.52us    1.10ms  92.89ms   95.99%
    Req/Sec    36.70k     4.81k   55.76k    76.88%
  Latency Distribution
     50%  411.00us
     75%  638.00us
     90%    1.08ms
     99%    3.06ms
  2922699 requests in 20.03s, 401.32MB read
  Non-2xx or 3xx responses: 731049
Requests/sec: 145904.80
Transfer/sec:     20.03MB
  rep 5/10: Router A (pattern match) -> 145904.80 req/sec

[RAW OUTPUT] Router B (custom) | concurrency=100 | rep=6
Running 20s test @ http://localhost:8081
  4 threads and 100 connections
  Thread Stats   Avg      Stdev     Max   +/- Stdev
    Latency   614.71us  640.55us  21.00ms   91.10%
    Req/Sec    35.19k     4.43k   54.15k    74.62%
  Latency Distribution
     50%  437.00us
     75%  713.00us
     90%    1.19ms
     99%    3.07ms
  2802038 requests in 20.03s, 362.05MB read
  Non-2xx or 3xx responses: 700794
Requests/sec: 139908.17
Transfer/sec:     18.08MB
  rep 6/10: Router B (custom) -> 139908.17 req/sec

[RAW OUTPUT] Router A (pattern match) | concurrency=100 | rep=6
Running 20s test @ http://localhost:8080
  4 threads and 100 connections
  Thread Stats   Avg      Stdev     Max   +/- Stdev
    Latency   535.75us  606.14us  23.47ms   93.13%
    Req/Sec    38.58k     2.72k   50.73k    73.25%
  Latency Distribution
     50%  402.00us
     75%  608.00us
     90%    0.96ms
     99%    2.55ms
  3071592 requests in 20.02s, 421.76MB read
  Non-2xx or 3xx responses: 768205
Requests/sec: 153407.72
Transfer/sec:     21.06MB
  rep 6/10: Router A (pattern match) -> 153407.72 req/sec

[RAW OUTPUT] Router A (pattern match) | concurrency=100 | rep=7
Running 20s test @ http://localhost:8080
  4 threads and 100 connections
  Thread Stats   Avg      Stdev     Max   +/- Stdev
    Latency   521.45us  568.51us  31.70ms   92.87%
    Req/Sec    39.06k     3.62k   52.18k    75.12%
  Latency Distribution
     50%  395.00us
     75%  586.00us
     90%    0.93ms
     99%    2.49ms
  3110470 requests in 20.03s, 427.10MB read
  Non-2xx or 3xx responses: 777945
Requests/sec: 155267.18
Transfer/sec:     21.32MB
  rep 7/10: Router A (pattern match) -> 155267.18 req/sec

[RAW OUTPUT] Router B (custom) | concurrency=100 | rep=7
Running 20s test @ http://localhost:8081
  4 threads and 100 connections
  Thread Stats   Avg      Stdev     Max   +/- Stdev
    Latency   505.99us  471.10us  25.78ms   91.99%
    Req/Sec    39.10k     3.10k   54.88k    76.25%
  Latency Distribution
     50%  393.00us
     75%  571.00us
     90%    0.88ms
     99%    2.45ms
  3113166 requests in 20.02s, 402.26MB read
  Non-2xx or 3xx responses: 778686
Requests/sec: 155500.89
Transfer/sec:     20.09MB
  rep 7/10: Router B (custom) -> 155500.89 req/sec

[RAW OUTPUT] Router A (pattern match) | concurrency=100 | rep=8
Running 20s test @ http://localhost:8080
  4 threads and 100 connections
  Thread Stats   Avg      Stdev     Max   +/- Stdev
    Latency   529.65us  622.58us  31.54ms   93.25%
    Req/Sec    38.86k     3.95k   51.46k    74.00%
  Latency Distribution
     50%  392.00us
     75%  579.00us
     90%    0.94ms
     99%    2.70ms
  3093965 requests in 20.02s, 424.84MB read
  Non-2xx or 3xx responses: 773763
Requests/sec: 154521.96
Transfer/sec:     21.22MB
  rep 8/10: Router A (pattern match) -> 154521.96 req/sec

[RAW OUTPUT] Router B (custom) | concurrency=100 | rep=8
Running 20s test @ http://localhost:8081
  4 threads and 100 connections
  Thread Stats   Avg      Stdev     Max   +/- Stdev
    Latency   515.66us  484.25us  21.90ms   91.67%
    Req/Sec    38.61k     3.74k   50.89k    72.50%
  Latency Distribution
     50%  397.00us
     75%  577.00us
     90%    0.91ms
     99%    2.52ms
  3073824 requests in 20.02s, 397.18MB read
  Non-2xx or 3xx responses: 768772
Requests/sec: 153568.70
Transfer/sec:     19.84MB
  rep 8/10: Router B (custom) -> 153568.70 req/sec

[RAW OUTPUT] Router B (custom) | concurrency=100 | rep=9
Running 20s test @ http://localhost:8081
  4 threads and 100 connections
  Thread Stats   Avg      Stdev     Max   +/- Stdev
    Latency   642.18us  675.81us  28.69ms   90.82%
    Req/Sec    34.14k     4.18k   51.58k    73.00%
  Latency Distribution
     50%  450.00us
     75%  751.00us
     90%    1.26ms
     99%    3.20ms
  2718262 requests in 20.03s, 351.23MB read
  Non-2xx or 3xx responses: 679766
Requests/sec: 135729.54
Transfer/sec:     17.54MB
  rep 9/10: Router B (custom) -> 135729.54 req/sec

[RAW OUTPUT] Router A (pattern match) | concurrency=100 | rep=9
Running 20s test @ http://localhost:8080
  4 threads and 100 connections
  Thread Stats   Avg      Stdev     Max   +/- Stdev
    Latency   567.84us  534.31us  19.82ms   90.52%
    Req/Sec    36.83k     3.32k   49.11k    76.50%
  Latency Distribution
     50%  418.00us
     75%  658.00us
     90%    1.08ms
     99%    2.80ms
  2933345 requests in 20.02s, 402.79MB read
  Non-2xx or 3xx responses: 733623
Requests/sec: 146499.76
Transfer/sec:     20.12MB
  rep 9/10: Router A (pattern match) -> 146499.76 req/sec

[RAW OUTPUT] Router A (pattern match) | concurrency=100 | rep=10
Running 20s test @ http://localhost:8080
  4 threads and 100 connections
  Thread Stats   Avg      Stdev     Max   +/- Stdev
    Latency   560.41us  537.77us  21.13ms   90.97%
    Req/Sec    37.13k     2.91k   46.31k    74.38%
  Latency Distribution
     50%  416.00us
     75%  650.00us
     90%    1.05ms
     99%    2.74ms
  2956784 requests in 20.02s, 406.00MB read
  Non-2xx or 3xx responses: 739511
Requests/sec: 147673.93
Transfer/sec:     20.28MB
  rep 10/10: Router A (pattern match) -> 147673.93 req/sec

[RAW OUTPUT] Router B (custom) | concurrency=100 | rep=10
Running 20s test @ http://localhost:8081
  4 threads and 100 connections
  Thread Stats   Avg      Stdev     Max   +/- Stdev
    Latency   571.24us  507.00us  19.87ms   90.00%
    Req/Sec    36.51k     2.47k   47.16k    71.88%
  Latency Distribution
     50%  428.00us
     75%  669.00us
     90%    1.08ms
     99%    2.70ms
  2907355 requests in 20.02s, 375.67MB read
  Non-2xx or 3xx responses: 727059
Requests/sec: 145242.01
Transfer/sec:     18.77MB
  rep 10/10: Router B (custom) -> 145242.01 req/sec

=== Concurrency 500 — 10 interleaved, randomized-order reps ===

[RAW OUTPUT] Router A (pattern match) | concurrency=500 | rep=1
Running 20s test @ http://localhost:8080
  4 threads and 500 connections
  Thread Stats   Avg      Stdev     Max   +/- Stdev
    Latency     2.76ms    1.92ms  39.85ms   76.47%
    Req/Sec    36.04k     3.99k   49.84k    74.37%
  Latency Distribution
     50%    2.24ms
     75%    3.69ms
     90%    5.34ms
     99%    9.02ms
  2864492 requests in 20.03s, 393.35MB read
  Non-2xx or 3xx responses: 716108
Requests/sec: 142979.33
Transfer/sec:     19.63MB
  rep 1/10: Router A (pattern match) -> 142979.33 req/sec

[RAW OUTPUT] Router B (custom) | concurrency=500 | rep=1
Running 20s test @ http://localhost:8081
  4 threads and 500 connections
  Thread Stats   Avg      Stdev     Max   +/- Stdev
    Latency     2.85ms    2.01ms  52.72ms   76.94%
    Req/Sec    35.47k     4.00k   54.18k    74.87%
  Latency Distribution
     50%    2.30ms
     75%    3.82ms
     90%    5.52ms
     99%    9.33ms
  2819112 requests in 20.02s, 364.26MB read
  Non-2xx or 3xx responses: 704995
Requests/sec: 140797.25
Transfer/sec:     18.19MB
  rep 1/10: Router B (custom) -> 140797.25 req/sec

[RAW OUTPUT] Router B (custom) | concurrency=500 | rep=2
Running 20s test @ http://localhost:8081
  4 threads and 500 connections
  Thread Stats   Avg      Stdev     Max   +/- Stdev
    Latency     2.82ms    1.96ms  28.08ms   76.15%
    Req/Sec    35.48k     3.82k   51.87k    74.31%
  Latency Distribution
     50%    2.30ms
     75%    3.80ms
     90%    5.45ms
     99%    9.16ms
  2826609 requests in 20.10s, 365.23MB read
  Non-2xx or 3xx responses: 706773
Requests/sec: 140623.49
Transfer/sec:     18.17MB
  rep 2/10: Router B (custom) -> 140623.49 req/sec

[RAW OUTPUT] Router A (pattern match) | concurrency=500 | rep=2
Running 20s test @ http://localhost:8080
  4 threads and 500 connections
  Thread Stats   Avg      Stdev     Max   +/- Stdev
    Latency     2.77ms    1.94ms  45.59ms   76.40%
    Req/Sec    36.11k     3.64k   46.84k    73.47%
  Latency Distribution
     50%    2.26ms
     75%    3.71ms
     90%    5.36ms
     99%    9.02ms
  2880263 requests in 20.10s, 395.51MB read
  Non-2xx or 3xx responses: 720130
Requests/sec: 143288.02
Transfer/sec:     19.68MB
  rep 2/10: Router A (pattern match) -> 143288.02 req/sec

[RAW OUTPUT] Router B (custom) | concurrency=500 | rep=3
Running 20s test @ http://localhost:8081
  4 threads and 500 connections
  Thread Stats   Avg      Stdev     Max   +/- Stdev
    Latency     2.85ms    1.96ms  34.37ms   75.14%
    Req/Sec    35.44k     3.43k   56.24k    72.40%
  Latency Distribution
     50%    2.33ms
     75%    3.85ms
     90%    5.52ms
     99%    9.17ms
  2819401 requests in 20.10s, 364.30MB read
  Non-2xx or 3xx responses: 705022
Requests/sec: 140280.39
Transfer/sec:     18.13MB
  rep 3/10: Router B (custom) -> 140280.39 req/sec

[RAW OUTPUT] Router A (pattern match) | concurrency=500 | rep=3
Running 20s test @ http://localhost:8080
  4 threads and 500 connections
  Thread Stats   Avg      Stdev     Max   +/- Stdev
    Latency     2.70ms    1.83ms  37.43ms   75.74%
    Req/Sec    36.54k     3.20k   47.89k    70.88%
  Latency Distribution
     50%    2.21ms
     75%    3.60ms
     90%    5.21ms
     99%    8.66ms
  2917185 requests in 20.09s, 400.57MB read
  Non-2xx or 3xx responses: 729592
Requests/sec: 145181.65
Transfer/sec:     19.94MB
  rep 3/10: Router A (pattern match) -> 145181.65 req/sec

[RAW OUTPUT] Router A (pattern match) | concurrency=500 | rep=4
Running 20s test @ http://localhost:8080
  4 threads and 500 connections
  Thread Stats   Avg      Stdev     Max   +/- Stdev
    Latency     2.85ms    2.02ms  47.03ms   76.43%
    Req/Sec    35.14k     4.99k   53.82k    71.68%
  Latency Distribution
     50%    2.29ms
     75%    3.85ms
     90%    5.56ms
     99%    9.44ms
  2799577 requests in 20.09s, 384.42MB read
  Non-2xx or 3xx responses: 700097
Requests/sec: 139349.55
Transfer/sec:     19.13MB
  rep 4/10: Router A (pattern match) -> 139349.55 req/sec

[RAW OUTPUT] Router B (custom) | concurrency=500 | rep=4
Running 20s test @ http://localhost:8081
  4 threads and 500 connections
  Thread Stats   Avg      Stdev     Max   +/- Stdev
    Latency     2.42ms    1.67ms  39.87ms   78.84%
    Req/Sec    39.58k     4.60k   59.47k    75.91%
  Latency Distribution
     50%    1.94ms
     75%    3.14ms
     90%    4.67ms
     99%    7.95ms
  3148275 requests in 20.10s, 406.79MB read
  Non-2xx or 3xx responses: 787709
Requests/sec: 156634.65
Transfer/sec:     20.24MB
  rep 4/10: Router B (custom) -> 156634.65 req/sec

[RAW OUTPUT] Router B (custom) | concurrency=500 | rep=5
Running 20s test @ http://localhost:8081
  4 threads and 500 connections
  Thread Stats   Avg      Stdev     Max   +/- Stdev
    Latency     2.31ms    1.57ms  32.70ms   80.02%
    Req/Sec    40.61k     4.50k   56.64k    72.62%
  Latency Distribution
     50%    1.84ms
     75%    2.93ms
     90%    4.42ms
     99%    7.68ms
  3238762 requests in 20.09s, 418.48MB read
  Non-2xx or 3xx responses: 810413
Requests/sec: 161214.02
Transfer/sec:     20.83MB
  rep 5/10: Router B (custom) -> 161214.02 req/sec

[RAW OUTPUT] Router A (pattern match) | concurrency=500 | rep=5
Running 20s test @ http://localhost:8080
  4 threads and 500 connections
  Thread Stats   Avg      Stdev     Max   +/- Stdev
    Latency     2.32ms    1.55ms  23.31ms   79.05%
    Req/Sec    40.40k     4.08k   53.75k    71.71%
  Latency Distribution
     50%    1.87ms
     75%    2.96ms
     90%    4.42ms
     99%    7.54ms
  3219812 requests in 20.10s, 442.10MB read
  Non-2xx or 3xx responses: 805646
Requests/sec: 160184.57
Transfer/sec:     21.99MB
  rep 5/10: Router A (pattern match) -> 160184.57 req/sec

[RAW OUTPUT] Router B (custom) | concurrency=500 | rep=6
Running 20s test @ http://localhost:8081
  4 threads and 500 connections
  Thread Stats   Avg      Stdev     Max   +/- Stdev
    Latency     2.41ms    1.65ms  42.05ms   79.40%
    Req/Sec    39.50k     3.92k   53.16k    70.09%
  Latency Distribution
     50%    1.93ms
     75%    3.10ms
     90%    4.63ms
     99%    7.96ms
  3147375 requests in 20.09s, 406.68MB read
  Non-2xx or 3xx responses: 787384
Requests/sec: 156670.47
Transfer/sec:     20.24MB
  rep 6/10: Router B (custom) -> 156670.47 req/sec

[RAW OUTPUT] Router A (pattern match) | concurrency=500 | rep=6
Running 20s test @ http://localhost:8080
  4 threads and 500 connections
  Thread Stats   Avg      Stdev     Max   +/- Stdev
    Latency     2.23ms    1.57ms  46.83ms   82.34%
    Req/Sec    41.35k     4.02k   54.67k    69.88%
  Latency Distribution
     50%    1.78ms
     75%    2.80ms
     90%    4.22ms
     99%    7.37ms
  3300777 requests in 20.10s, 453.22MB read
  Non-2xx or 3xx responses: 825943
Requests/sec: 164200.51
Transfer/sec:     22.55MB
  rep 6/10: Router A (pattern match) -> 164200.51 req/sec

[RAW OUTPUT] Router A (pattern match) | concurrency=500 | rep=7
Running 20s test @ http://localhost:8080
  4 threads and 500 connections
  Thread Stats   Avg      Stdev     Max   +/- Stdev
    Latency     2.23ms    1.46ms  27.28ms   79.58%
    Req/Sec    41.32k     3.93k   56.53k    69.50%
  Latency Distribution
     50%    1.79ms
     75%    2.81ms
     90%    4.20ms
     99%    7.22ms
  3296064 requests in 20.09s, 452.57MB read
  Non-2xx or 3xx responses: 824844
Requests/sec: 164075.12
Transfer/sec:     22.53MB
  rep 7/10: Router A (pattern match) -> 164075.12 req/sec

[RAW OUTPUT] Router B (custom) | concurrency=500 | rep=7
Running 20s test @ http://localhost:8081
  4 threads and 500 connections
  Thread Stats   Avg      Stdev     Max   +/- Stdev
    Latency     2.28ms    1.52ms  30.32ms   79.54%
    Req/Sec    40.97k     4.08k   58.31k    73.59%
  Latency Distribution
     50%    1.84ms
     75%    2.89ms
     90%    4.33ms
     99%    7.44ms
  3265326 requests in 20.10s, 421.90MB read
  Non-2xx or 3xx responses: 817289
Requests/sec: 162458.00
Transfer/sec:     20.99MB
  rep 7/10: Router B (custom) -> 162458.00 req/sec

[RAW OUTPUT] Router B (custom) | concurrency=500 | rep=8
Running 20s test @ http://localhost:8081
  4 threads and 500 connections
  Thread Stats   Avg      Stdev     Max   +/- Stdev
    Latency     2.27ms    1.51ms  38.74ms   80.25%
    Req/Sec    40.99k     3.87k   53.58k    72.62%
  Latency Distribution
     50%    1.84ms
     75%    2.87ms
     90%    4.29ms
     99%    7.32ms
  3270145 requests in 20.10s, 422.53MB read
  Non-2xx or 3xx responses: 818453
Requests/sec: 162728.41
Transfer/sec:     21.03MB
  rep 8/10: Router B (custom) -> 162728.41 req/sec

[RAW OUTPUT] Router A (pattern match) | concurrency=500 | rep=8
Running 20s test @ http://localhost:8080
  4 threads and 500 connections
  Thread Stats   Avg      Stdev     Max   +/- Stdev
    Latency     2.20ms    1.48ms  32.31ms   81.15%
    Req/Sec    41.28k     4.27k   56.42k    70.85%
  Latency Distribution
     50%    1.77ms
     75%    2.75ms
     90%    4.12ms
     99%    7.17ms
  3278457 requests in 20.01s, 450.15MB read
  Non-2xx or 3xx responses: 820396
Requests/sec: 163850.55
Transfer/sec:     22.50MB
  rep 8/10: Router A (pattern match) -> 163850.55 req/sec

[RAW OUTPUT] Router A (pattern match) | concurrency=500 | rep=9
Running 20s test @ http://localhost:8080
  4 threads and 500 connections
  Thread Stats   Avg      Stdev     Max   +/- Stdev
    Latency     2.17ms    1.42ms  24.72ms   80.39%
    Req/Sec    41.37k     4.73k   59.26k    70.09%
  Latency Distribution
     50%    1.75ms
     75%    2.72ms
     90%    4.07ms
     99%    7.10ms
  3296292 requests in 20.10s, 452.62MB read
  Non-2xx or 3xx responses: 824515
Requests/sec: 164032.88
Transfer/sec:     22.52MB
  rep 9/10: Router A (pattern match) -> 164032.88 req/sec

[RAW OUTPUT] Router B (custom) | concurrency=500 | rep=9
Running 20s test @ http://localhost:8081
  4 threads and 500 connections
  Thread Stats   Avg      Stdev     Max   +/- Stdev
    Latency     2.35ms    1.60ms  39.50ms   80.65%
    Req/Sec    39.79k     4.09k   56.06k    70.62%
  Latency Distribution
     50%    1.88ms
     75%    2.97ms
     90%    4.46ms
     99%    7.69ms
  3174325 requests in 20.10s, 410.16MB read
  Non-2xx or 3xx responses: 794185
Requests/sec: 157949.02
Transfer/sec:     20.41MB
  rep 9/10: Router B (custom) -> 157949.02 req/sec

[RAW OUTPUT] Router A (pattern match) | concurrency=500 | rep=10
Running 20s test @ http://localhost:8080
  4 threads and 500 connections
  Thread Stats   Avg      Stdev     Max   +/- Stdev
    Latency     2.18ms    1.46ms  33.10ms   81.85%
    Req/Sec    41.17k     4.22k   54.85k    69.50%
  Latency Distribution
     50%    1.75ms
     75%    2.70ms
     90%    4.05ms
     99%    7.17ms
  3284738 requests in 20.09s, 451.02MB read
  Non-2xx or 3xx responses: 821898
Requests/sec: 163523.54
Transfer/sec:     22.45MB
  rep 10/10: Router A (pattern match) -> 163523.54 req/sec

[RAW OUTPUT] Router B (custom) | concurrency=500 | rep=10
Running 20s test @ http://localhost:8081
  4 threads and 500 connections
  Thread Stats   Avg      Stdev     Max   +/- Stdev
    Latency     2.27ms    1.57ms  50.68ms   82.38%
    Req/Sec    40.62k     3.31k   52.29k    73.97%
  Latency Distribution
     50%    1.85ms
     75%    2.86ms
     90%    4.23ms
     99%    7.30ms
  3236960 requests in 20.10s, 418.24MB read
  Non-2xx or 3xx responses: 810093
Requests/sec: 161074.27
Transfer/sec:     20.81MB
  rep 10/10: Router B (custom) -> 161074.27 req/sec

===================================================================
 SUMMARY (per concurrency level, across 10 reps)
===================================================================
Router                       Conns  N      Mean       Median     Stdev     Min       Max      
------------------------------------------------------------------------------------------
Router A (pattern match)     10     10     88561.22   88635.58   844.11    86874.67  89689.93 
Router B (custom)            10     10     84681.12   84625.71   389.34    84231.05  85419.35 
Router A (pattern match)     50     10     140869.25  140513.65  1312.22   139437.55 143261.89
Router B (custom)            50     10     137873.71  137935.28  1656.25   135318.60 140181.90
Router A (pattern match)     100    10     148777.17  147086.85  4131.97   144624.47 155267.18
Router B (custom)            100    10     143920.79  141480.43  6424.30   135729.54 155500.89
Router A (pattern match)     500    10     155066.57  161854.05  10798.26  139349.55 164200.51
Router B (custom)            500    10     154043.00  157309.74  9550.63   140280.39 162728.41

===================================================================
 HEAD-TO-HEAD COMPARISON PER CONCURRENCY LEVEL
 (rough Welch's-t heuristic: |t| > 2 ~ probably real, else ~ noise)
===================================================================
concurrency=10: mean_A=88561.20 mean_B=84681.10 diff=4.58% t=13.20 -> A likely faster
concurrency=50: mean_A=140869.00 mean_B=137874.00 diff=2.17% t=4.48 -> A likely faster
concurrency=100: mean_A=148777.00 mean_B=143921.00 diff=3.37% t=2.01 -> A likely faster
concurrency=500: mean_A=155067.00 mean_B=154043.00 diff=0.66% t=0.22 -> no clear difference (within noise)

Full log (including every raw wrk run) saved to: /home/skippy/Documents/personal/simple_http/results_20260821_153225.log
