===================================================================
 HTTP Router Benchmark (noise-resistant: interleaved + repeated)
 Started:      Sat Aug 22 08:04:12 PM EDT 2026
 Router A:     http://localhost:8080
 Router B:     http://localhost:8081
 Reps/combo:   10   Duration/run: 20s   Threads: 4
 Concurrency levels: 10 50 100 500
===================================================================

>>> Warming up both servers (15s each, not recorded)...
>>> Warmup complete.

=== Concurrency 10 — 10 interleaved, randomized-order reps ===

[RAW OUTPUT] Router A (pattern) | concurrency=10 | rep=1
Running 20s test @ http://localhost:8080
  4 threads and 10 connections
  Thread Stats   Avg      Stdev     Max   +/- Stdev
    Latency    70.01us   15.66us   1.07ms   72.39%
    Req/Sec    26.98k     0.96k   29.15k    72.01%
  Latency Distribution
     50%   68.00us
     75%   78.00us
     90%   89.00us
     99%  114.00us
  2158470 requests in 20.10s, 296.39MB read
  Non-2xx or 3xx responses: 540026
Requests/sec: 107389.21
Transfer/sec:     14.75MB
  rep 1/10: Router A (pattern) -> 107389.21 req/sec

[RAW OUTPUT] Router B (custom) | concurrency=10 | rep=1
Running 20s test @ http://localhost:8081
  4 threads and 10 connections
  Thread Stats   Avg      Stdev     Max   +/- Stdev
    Latency    70.26us   16.05us   1.38ms   72.05%
    Req/Sec    26.87k     1.15k   29.87k    69.15%
  Latency Distribution
     50%   69.00us
     75%   79.00us
     90%   90.00us
     99%  114.00us
  2150194 requests in 20.10s, 277.83MB read
  Non-2xx or 3xx responses: 537845
Requests/sec: 106976.26
Transfer/sec:     13.82MB
  rep 1/10: Router B (custom) -> 106976.26 req/sec

[RAW OUTPUT] Router A (pattern) | concurrency=10 | rep=2
Running 20s test @ http://localhost:8080
  4 threads and 10 connections
  Thread Stats   Avg      Stdev     Max   +/- Stdev
    Latency    70.18us   15.67us 781.00us   72.27%
    Req/Sec    26.92k     0.96k   29.32k    68.66%
  Latency Distribution
     50%   69.00us
     75%   78.00us
     90%   89.00us
     99%  114.00us
  2153520 requests in 20.10s, 295.71MB read
  Non-2xx or 3xx responses: 538720
Requests/sec: 107144.24
Transfer/sec:     14.71MB
  rep 2/10: Router A (pattern) -> 107144.24 req/sec

[RAW OUTPUT] Router B (custom) | concurrency=10 | rep=2
Running 20s test @ http://localhost:8081
  4 threads and 10 connections
  Thread Stats   Avg      Stdev     Max   +/- Stdev
    Latency    69.41us   15.61us   0.88ms   73.38%
    Req/Sec    27.22k     0.92k   29.91k    69.90%
  Latency Distribution
     50%   68.00us
     75%   78.00us
     90%   88.00us
     99%  113.00us
  2177753 requests in 20.10s, 281.39MB read
  Non-2xx or 3xx responses: 544966
Requests/sec: 108346.29
Transfer/sec:     14.00MB
  rep 2/10: Router B (custom) -> 108346.29 req/sec

[RAW OUTPUT] Router A (pattern) | concurrency=10 | rep=3
Running 20s test @ http://localhost:8080
  4 threads and 10 connections
  Thread Stats   Avg      Stdev     Max   +/- Stdev
    Latency    69.63us   15.64us   1.11ms   74.35%
    Req/Sec    27.14k     0.93k   29.38k    72.01%
  Latency Distribution
     50%   68.00us
     75%   78.00us
     90%   89.00us
     99%  114.00us
  2171309 requests in 20.10s, 298.15MB read
  Non-2xx or 3xx responses: 543349
Requests/sec: 108024.85
Transfer/sec:     14.83MB
  rep 3/10: Router A (pattern) -> 108024.85 req/sec

[RAW OUTPUT] Router B (custom) | concurrency=10 | rep=3
Running 20s test @ http://localhost:8081
  4 threads and 10 connections
  Thread Stats   Avg      Stdev     Max   +/- Stdev
    Latency    70.40us   16.89us   1.77ms   74.78%
    Req/Sec    26.85k     1.17k   29.89k    70.27%
  Latency Distribution
     50%   69.00us
     75%   79.00us
     90%   90.00us
     99%  115.00us
  2147818 requests in 20.10s, 277.53MB read
  Non-2xx or 3xx responses: 537237
Requests/sec: 106858.84
Transfer/sec:     13.81MB
  rep 3/10: Router B (custom) -> 106858.84 req/sec

[RAW OUTPUT] Router B (custom) | concurrency=10 | rep=4
Running 20s test @ http://localhost:8081
  4 threads and 10 connections
  Thread Stats   Avg      Stdev     Max   +/- Stdev
    Latency    69.71us   16.61us   1.70ms   73.94%
    Req/Sec    27.13k     1.03k   29.79k    72.64%
  Latency Distribution
     50%   68.00us
     75%   78.00us
     90%   89.00us
     99%  113.00us
  2170106 requests in 20.10s, 280.40MB read
  Non-2xx or 3xx responses: 543013
Requests/sec: 107967.93
Transfer/sec:     13.95MB
  rep 4/10: Router B (custom) -> 107967.93 req/sec

[RAW OUTPUT] Router A (pattern) | concurrency=10 | rep=4
Running 20s test @ http://localhost:8080
  4 threads and 10 connections
  Thread Stats   Avg      Stdev     Max   +/- Stdev
    Latency    71.41us   47.75us   4.86ms   99.16%
    Req/Sec    26.78k     1.33k   29.73k    80.10%
  Latency Distribution
     50%   69.00us
     75%   79.00us
     90%   90.00us
     99%  117.00us
  2142507 requests in 20.10s, 294.21MB read
  Non-2xx or 3xx responses: 535888
Requests/sec: 106594.09
Transfer/sec:     14.64MB
  rep 4/10: Router A (pattern) -> 106594.09 req/sec

[RAW OUTPUT] Router A (pattern) | concurrency=10 | rep=5
Running 20s test @ http://localhost:8080
  4 threads and 10 connections
  Thread Stats   Avg      Stdev     Max   +/- Stdev
    Latency    69.88us   15.53us   0.88ms   72.42%
    Req/Sec    27.04k     0.91k   29.20k    67.41%
  Latency Distribution
     50%   68.00us
     75%   78.00us
     90%   89.00us
     99%  114.00us
  2163133 requests in 20.10s, 297.03MB read
  Non-2xx or 3xx responses: 541209
Requests/sec: 107619.92
Transfer/sec:     14.78MB
  rep 5/10: Router A (pattern) -> 107619.92 req/sec

[RAW OUTPUT] Router B (custom) | concurrency=10 | rep=5
Running 20s test @ http://localhost:8081
  4 threads and 10 connections
  Thread Stats   Avg      Stdev     Max   +/- Stdev
    Latency    69.33us   15.84us   1.24ms   73.03%
    Req/Sec    27.27k     0.98k   30.46k    69.36%
  Latency Distribution
     50%   68.00us
     75%   78.00us
     90%   88.00us
     99%  113.00us
  2178818 requests in 20.10s, 281.53MB read
  Non-2xx or 3xx responses: 545176
Requests/sec: 108403.78
Transfer/sec:     14.01MB
  rep 5/10: Router B (custom) -> 108403.78 req/sec

[RAW OUTPUT] Router A (pattern) | concurrency=10 | rep=6
Running 20s test @ http://localhost:8080
  4 threads and 10 connections
  Thread Stats   Avg      Stdev     Max   +/- Stdev
    Latency    69.07us   15.26us   0.90ms   73.19%
    Req/Sec    27.38k     0.89k   30.14k    69.15%
  Latency Distribution
     50%   68.00us
     75%   77.00us
     90%   88.00us
     99%  112.00us
  2190631 requests in 20.10s, 300.80MB read
  Non-2xx or 3xx responses: 548179
Requests/sec: 108988.16
Transfer/sec:     14.97MB
  rep 6/10: Router A (pattern) -> 108988.16 req/sec

[RAW OUTPUT] Router B (custom) | concurrency=10 | rep=6
Running 20s test @ http://localhost:8081
  4 threads and 10 connections
  Thread Stats   Avg      Stdev     Max   +/- Stdev
    Latency    69.87us   15.58us   1.01ms   71.22%
    Req/Sec    27.04k     0.97k   29.19k    69.40%
  Latency Distribution
     50%   68.00us
     75%   79.00us
     90%   89.00us
     99%  113.00us
  2163757 requests in 20.10s, 279.58MB read
  Non-2xx or 3xx responses: 541355
Requests/sec: 107651.04
Transfer/sec:     13.91MB
  rep 6/10: Router B (custom) -> 107651.04 req/sec

[RAW OUTPUT] Router B (custom) | concurrency=10 | rep=7
Running 20s test @ http://localhost:8081
  4 threads and 10 connections
  Thread Stats   Avg      Stdev     Max   +/- Stdev
    Latency    69.17us   16.32us   2.06ms   75.07%
    Req/Sec    27.34k     0.96k   30.07k    69.78%
  Latency Distribution
     50%   68.00us
     75%   78.00us
     90%   88.00us
     99%  112.00us
  2187300 requests in 20.10s, 282.62MB read
  Non-2xx or 3xx responses: 547340
Requests/sec: 108822.80
Transfer/sec:     14.06MB
  rep 7/10: Router B (custom) -> 108822.80 req/sec

[RAW OUTPUT] Router A (pattern) | concurrency=10 | rep=7
Running 20s test @ http://localhost:8080
  4 threads and 10 connections
  Thread Stats   Avg      Stdev     Max   +/- Stdev
    Latency    68.99us   15.46us 773.00us   73.44%
    Req/Sec    27.39k     0.97k   30.21k    70.15%
  Latency Distribution
     50%   68.00us
     75%   77.00us
     90%   88.00us
     99%  112.00us
  2191049 requests in 20.10s, 300.86MB read
  Non-2xx or 3xx responses: 548288
Requests/sec: 109009.50
Transfer/sec:     14.97MB
  rep 7/10: Router A (pattern) -> 109009.50 req/sec

[RAW OUTPUT] Router A (pattern) | concurrency=10 | rep=8
Running 20s test @ http://localhost:8080
  4 threads and 10 connections
  Thread Stats   Avg      Stdev     Max   +/- Stdev
    Latency    69.12us   15.79us   1.02ms   73.15%
    Req/Sec    27.36k     0.97k   29.55k    70.27%
  Latency Distribution
     50%   68.00us
     75%   77.00us
     90%   88.00us
     99%  113.00us
  2188453 requests in 20.10s, 300.50MB read
  Non-2xx or 3xx responses: 547633
Requests/sec: 108880.17
Transfer/sec:     14.95MB
  rep 8/10: Router A (pattern) -> 108880.17 req/sec

[RAW OUTPUT] Router B (custom) | concurrency=10 | rep=8
Running 20s test @ http://localhost:8081
  4 threads and 10 connections
  Thread Stats   Avg      Stdev     Max   +/- Stdev
    Latency    69.42us   16.23us   1.29ms   73.06%
    Req/Sec    27.25k     0.95k   29.85k    71.39%
  Latency Distribution
     50%   68.00us
     75%   78.00us
     90%   89.00us
     99%  113.00us
  2180385 requests in 20.10s, 281.73MB read
  Non-2xx or 3xx responses: 545619
Requests/sec: 108479.04
Transfer/sec:     14.02MB
  rep 8/10: Router B (custom) -> 108479.04 req/sec

[RAW OUTPUT] Router A (pattern) | concurrency=10 | rep=9
Running 20s test @ http://localhost:8080
  4 threads and 10 connections
  Thread Stats   Avg      Stdev     Max   +/- Stdev
    Latency    69.48us   15.85us   1.33ms   73.98%
    Req/Sec    27.22k     0.99k   29.61k    69.53%
  Latency Distribution
     50%   68.00us
     75%   78.00us
     90%   88.00us
     99%  114.00us
  2177586 requests in 20.10s, 299.01MB read
  Non-2xx or 3xx responses: 544928
Requests/sec: 108340.67
Transfer/sec:     14.88MB
  rep 9/10: Router A (pattern) -> 108340.67 req/sec

[RAW OUTPUT] Router B (custom) | concurrency=10 | rep=9
Running 20s test @ http://localhost:8081
  4 threads and 10 connections
  Thread Stats   Avg      Stdev     Max   +/- Stdev
    Latency    70.00us   16.02us   1.31ms   73.90%
    Req/Sec    27.00k     0.97k   29.46k    70.02%
  Latency Distribution
     50%   68.00us
     75%   79.00us
     90%   90.00us
     99%  114.00us
  2159807 requests in 20.10s, 279.08MB read
  Non-2xx or 3xx responses: 540338
Requests/sec: 107454.23
Transfer/sec:     13.88MB
  rep 9/10: Router B (custom) -> 107454.23 req/sec

[RAW OUTPUT] Router B (custom) | concurrency=10 | rep=10
Running 20s test @ http://localhost:8081
  4 threads and 10 connections
  Thread Stats   Avg      Stdev     Max   +/- Stdev
    Latency    69.84us   16.67us   2.28ms   74.85%
    Req/Sec    27.05k     1.00k   29.77k    69.65%
  Latency Distribution
     50%   68.00us
     75%   78.00us
     90%   89.00us
     99%  113.00us
  2163536 requests in 20.10s, 279.56MB read
  Non-2xx or 3xx responses: 541283
Requests/sec: 107639.67
Transfer/sec:     13.91MB
  rep 10/10: Router B (custom) -> 107639.67 req/sec

[RAW OUTPUT] Router A (pattern) | concurrency=10 | rep=10
Running 20s test @ http://localhost:8080
  4 threads and 10 connections
  Thread Stats   Avg      Stdev     Max   +/- Stdev
    Latency    69.86us   15.81us   1.00ms   72.30%
    Req/Sec    27.03k     0.98k   29.38k    67.91%
  Latency Distribution
     50%   68.00us
     75%   78.00us
     90%   89.00us
     99%  114.00us
  2162545 requests in 20.10s, 296.95MB read
  Non-2xx or 3xx responses: 541019
Requests/sec: 107589.31
Transfer/sec:     14.77MB
  rep 10/10: Router A (pattern) -> 107589.31 req/sec

=== Concurrency 50 — 10 interleaved, randomized-order reps ===

[RAW OUTPUT] Router A (pattern) | concurrency=50 | rep=1
Running 20s test @ http://localhost:8080
  4 threads and 50 connections
  Thread Stats   Avg      Stdev     Max   +/- Stdev
    Latency   260.82us  281.55us   7.06ms   95.73%
    Req/Sec    40.02k     3.49k   84.37k    78.53%
  Latency Distribution
     50%  211.00us
     75%  275.00us
     90%  368.00us
     99%    1.72ms
  3189000 requests in 20.10s, 437.87MB read
  Non-2xx or 3xx responses: 798046
Requests/sec: 158654.70
Transfer/sec:     21.78MB
  rep 1/10: Router A (pattern) -> 158654.70 req/sec

[RAW OUTPUT] Router B (custom) | concurrency=50 | rep=1
Running 20s test @ http://localhost:8081
  4 threads and 50 connections
  Thread Stats   Avg      Stdev     Max   +/- Stdev
    Latency   261.55us  278.92us   6.41ms   95.50%
    Req/Sec    39.92k     2.94k   56.71k    80.32%
  Latency Distribution
     50%  212.00us
     75%  276.00us
     90%  371.00us
     99%    1.69ms
  3189275 requests in 20.10s, 412.08MB read
  Non-2xx or 3xx responses: 798076
Requests/sec: 158664.56
Transfer/sec:     20.50MB
  rep 1/10: Router B (custom) -> 158664.56 req/sec

[RAW OUTPUT] Router A (pattern) | concurrency=50 | rep=2
Running 20s test @ http://localhost:8080
  4 threads and 50 connections
  Thread Stats   Avg      Stdev     Max   +/- Stdev
    Latency   262.93us  274.51us   7.78ms   95.49%
    Req/Sec    39.82k     3.47k   89.11k    80.40%
  Latency Distribution
     50%  214.00us
     75%  278.00us
     90%  373.00us
     99%    1.66ms
  3173335 requests in 20.10s, 435.72MB read
  Non-2xx or 3xx responses: 794010
Requests/sec: 157877.53
Transfer/sec:     21.68MB
  rep 2/10: Router A (pattern) -> 157877.53 req/sec

[RAW OUTPUT] Router B (custom) | concurrency=50 | rep=2
Running 20s test @ http://localhost:8081
  4 threads and 50 connections
  Thread Stats   Avg      Stdev     Max   +/- Stdev
    Latency   260.95us  282.68us   9.64ms   95.64%
    Req/Sec    40.01k     3.50k   89.28k    82.27%
  Latency Distribution
     50%  212.00us
     75%  274.00us
     90%  367.00us
     99%    1.71ms
  3188467 requests in 20.10s, 411.97MB read
  Non-2xx or 3xx responses: 797909
Requests/sec: 158629.72
Transfer/sec:     20.50MB
  rep 2/10: Router B (custom) -> 158629.72 req/sec

[RAW OUTPUT] Router B (custom) | concurrency=50 | rep=3
Running 20s test @ http://localhost:8081
  4 threads and 50 connections
  Thread Stats   Avg      Stdev     Max   +/- Stdev
    Latency   265.81us  294.57us   7.45ms   95.63%
    Req/Sec    39.66k     2.75k   49.73k    77.62%
  Latency Distribution
     50%  212.00us
     75%  278.00us
     90%  375.00us
     99%    1.84ms
  3156791 requests in 20.00s, 407.89MB read
  Non-2xx or 3xx responses: 789738
Requests/sec: 157825.04
Transfer/sec:     20.39MB
  rep 3/10: Router B (custom) -> 157825.04 req/sec

[RAW OUTPUT] Router A (pattern) | concurrency=50 | rep=3
Running 20s test @ http://localhost:8080
  4 threads and 50 connections
  Thread Stats   Avg      Stdev     Max   +/- Stdev
    Latency   263.42us  280.52us   7.72ms   95.66%
    Req/Sec    39.36k     3.05k   73.40k    80.17%
  Latency Distribution
     50%  214.00us
     75%  280.00us
     90%  372.00us
     99%    1.70ms
  3141327 requests in 20.10s, 431.33MB read
  Non-2xx or 3xx responses: 785847
Requests/sec: 156286.66
Transfer/sec:     21.46MB
  rep 3/10: Router A (pattern) -> 156286.66 req/sec

[RAW OUTPUT] Router A (pattern) | concurrency=50 | rep=4
Running 20s test @ http://localhost:8080
  4 threads and 50 connections
  Thread Stats   Avg      Stdev     Max   +/- Stdev
    Latency   264.71us  287.68us   9.35ms   95.78%
    Req/Sec    39.56k     4.00k   73.85k    75.91%
  Latency Distribution
     50%  215.00us
     75%  276.00us
     90%  373.00us
     99%    1.78ms
  3153116 requests in 20.10s, 432.95MB read
  Non-2xx or 3xx responses: 788828
Requests/sec: 156871.28
Transfer/sec:     21.54MB
  rep 4/10: Router A (pattern) -> 156871.28 req/sec

[RAW OUTPUT] Router B (custom) | concurrency=50 | rep=4
Running 20s test @ http://localhost:8081
  4 threads and 50 connections
  Thread Stats   Avg      Stdev     Max   +/- Stdev
    Latency   262.74us  282.27us   7.21ms   95.68%
    Req/Sec    39.57k     3.15k   60.83k    81.17%
  Latency Distribution
     50%  213.00us
     75%  278.00us
     90%  371.00us
     99%    1.73ms
  3157892 requests in 20.10s, 408.03MB read
  Non-2xx or 3xx responses: 790061
Requests/sec: 157104.72
Transfer/sec:     20.30MB
  rep 4/10: Router B (custom) -> 157104.72 req/sec

[RAW OUTPUT] Router B (custom) | concurrency=50 | rep=5
Running 20s test @ http://localhost:8081
  4 threads and 50 connections
  Thread Stats   Avg      Stdev     Max   +/- Stdev
    Latency   261.36us  282.22us   6.97ms   95.72%
    Req/Sec    39.90k     3.69k   51.64k    75.00%
  Latency Distribution
     50%  213.00us
     75%  272.00us
     90%  369.00us
     99%    1.71ms
  3176293 requests in 20.01s, 410.41MB read
  Non-2xx or 3xx responses: 794796
Requests/sec: 158769.48
Transfer/sec:     20.51MB
  rep 5/10: Router B (custom) -> 158769.48 req/sec

[RAW OUTPUT] Router A (pattern) | concurrency=50 | rep=5
Running 20s test @ http://localhost:8080
  4 threads and 50 connections
  Thread Stats   Avg      Stdev     Max   +/- Stdev
    Latency   262.17us  272.33us   6.79ms   95.58%
    Req/Sec    39.61k     3.28k   52.21k    75.12%
  Latency Distribution
     50%  215.00us
     75%  277.00us
     90%  371.00us
     99%    1.63ms
  3152769 requests in 20.00s, 432.91MB read
  Non-2xx or 3xx responses: 788671
Requests/sec: 157606.96
Transfer/sec:     21.64MB
  rep 5/10: Router A (pattern) -> 157606.96 req/sec

[RAW OUTPUT] Router A (pattern) | concurrency=50 | rep=6
Running 20s test @ http://localhost:8080
  4 threads and 50 connections
  Thread Stats   Avg      Stdev     Max   +/- Stdev
    Latency   266.22us  287.05us   6.65ms   95.64%
    Req/Sec    39.21k     3.35k   84.57k    79.28%
  Latency Distribution
     50%  215.00us
     75%  281.00us
     90%  378.00us
     99%    1.75ms
  3125099 requests in 20.10s, 429.11MB read
  Non-2xx or 3xx responses: 781702
Requests/sec: 155480.21
Transfer/sec:     21.35MB
  rep 6/10: Router A (pattern) -> 155480.21 req/sec

[RAW OUTPUT] Router B (custom) | concurrency=50 | rep=6
Running 20s test @ http://localhost:8081
  4 threads and 50 connections
  Thread Stats   Avg      Stdev     Max   +/- Stdev
    Latency   263.47us  286.58us   6.58ms   95.65%
    Req/Sec    39.73k     3.63k   69.85k    78.30%
  Latency Distribution
     50%  212.00us
     75%  276.00us
     90%  373.00us
     99%    1.77ms
  3170425 requests in 20.10s, 409.65MB read
  Non-2xx or 3xx responses: 793297
Requests/sec: 157735.39
Transfer/sec:     20.38MB
  rep 6/10: Router B (custom) -> 157735.39 req/sec

[RAW OUTPUT] Router B (custom) | concurrency=50 | rep=7
Running 20s test @ http://localhost:8081
  4 threads and 50 connections
  Thread Stats   Avg      Stdev     Max   +/- Stdev
    Latency   263.67us  283.33us   7.79ms   95.74%
    Req/Sec    39.25k     3.43k   69.71k    75.44%
  Latency Distribution
     50%  215.00us
     75%  278.00us
     90%  374.00us
     99%    1.71ms
  3131705 requests in 20.10s, 404.66MB read
  Non-2xx or 3xx responses: 783351
Requests/sec: 155804.20
Transfer/sec:     20.13MB
  rep 7/10: Router B (custom) -> 155804.20 req/sec

[RAW OUTPUT] Router A (pattern) | concurrency=50 | rep=7
Running 20s test @ http://localhost:8080
  4 threads and 50 connections
  Thread Stats   Avg      Stdev     Max   +/- Stdev
    Latency   267.38us  288.19us   6.64ms   95.77%
    Req/Sec    38.91k     3.21k   52.20k    75.12%
  Latency Distribution
     50%  217.00us
     75%  281.00us
     90%  376.00us
     99%    1.76ms
  3096664 requests in 20.00s, 425.20MB read
  Non-2xx or 3xx responses: 774501
Requests/sec: 154811.74
Transfer/sec:     21.26MB
  rep 7/10: Router A (pattern) -> 154811.74 req/sec

[RAW OUTPUT] Router A (pattern) | concurrency=50 | rep=8
Running 20s test @ http://localhost:8080
  4 threads and 50 connections
  Thread Stats   Avg      Stdev     Max   +/- Stdev
    Latency   268.06us  283.81us   6.80ms   95.63%
    Req/Sec    38.98k     3.75k   57.43k    73.69%
  Latency Distribution
     50%  218.00us
     75%  281.00us
     90%  380.00us
     99%    1.73ms
  3110750 requests in 20.10s, 427.14MB read
  Non-2xx or 3xx responses: 778139
Requests/sec: 154764.78
Transfer/sec:     21.25MB
  rep 8/10: Router A (pattern) -> 154764.78 req/sec

[RAW OUTPUT] Router B (custom) | concurrency=50 | rep=8
Running 20s test @ http://localhost:8081
  4 threads and 50 connections
  Thread Stats   Avg      Stdev     Max   +/- Stdev
    Latency   262.85us  281.53us   6.90ms   95.86%
    Req/Sec    39.13k     3.12k   66.58k    80.30%
  Latency Distribution
     50%  215.00us
     75%  279.00us
     90%  372.00us
     99%    1.70ms
  3122034 requests in 20.10s, 403.41MB read
  Non-2xx or 3xx responses: 780950
Requests/sec: 155324.33
Transfer/sec:     20.07MB
  rep 8/10: Router B (custom) -> 155324.33 req/sec

[RAW OUTPUT] Router B (custom) | concurrency=50 | rep=9
Running 20s test @ http://localhost:8081
  4 threads and 50 connections
  Thread Stats   Avg      Stdev     Max   +/- Stdev
    Latency   262.54us  277.38us   6.77ms   95.65%
    Req/Sec    39.43k     3.92k   83.34k    73.16%
  Latency Distribution
     50%  215.00us
     75%  275.00us
     90%  374.00us
     99%    1.67ms
  3142201 requests in 20.10s, 406.01MB read
  Non-2xx or 3xx responses: 786066
Requests/sec: 156329.10
Transfer/sec:     20.20MB
  rep 9/10: Router B (custom) -> 156329.10 req/sec

[RAW OUTPUT] Router A (pattern) | concurrency=50 | rep=9
Running 20s test @ http://localhost:8080
  4 threads and 50 connections
  Thread Stats   Avg      Stdev     Max   +/- Stdev
    Latency   270.19us  293.00us   7.30ms   95.69%
    Req/Sec    38.81k     3.32k   86.36k    80.65%
  Latency Distribution
     50%  219.00us
     75%  284.00us
     90%  379.00us
     99%    1.82ms
  3093200 requests in 20.10s, 424.73MB read
  Non-2xx or 3xx responses: 773639
Requests/sec: 153893.30
Transfer/sec:     21.13MB
  rep 9/10: Router A (pattern) -> 153893.30 req/sec

[RAW OUTPUT] Router B (custom) | concurrency=50 | rep=10
Running 20s test @ http://localhost:8081
  4 threads and 50 connections
  Thread Stats   Avg      Stdev     Max   +/- Stdev
    Latency   266.92us  287.77us   6.76ms   95.62%
    Req/Sec    38.91k     3.01k   50.73k    78.88%
  Latency Distribution
     50%  216.00us
     75%  282.00us
     90%  380.00us
     99%    1.75ms
  3097752 requests in 20.00s, 400.27MB read
  Non-2xx or 3xx responses: 774754
Requests/sec: 154867.43
Transfer/sec:     20.01MB
  rep 10/10: Router B (custom) -> 154867.43 req/sec

[RAW OUTPUT] Router A (pattern) | concurrency=50 | rep=10
Running 20s test @ http://localhost:8080
  4 threads and 50 connections
  Thread Stats   Avg      Stdev     Max   +/- Stdev
    Latency   268.69us  290.53us   6.31ms   95.75%
    Req/Sec    38.82k     3.29k   82.31k    81.15%
  Latency Distribution
     50%  217.00us
     75%  282.00us
     90%  377.00us
     99%    1.84ms
  3094375 requests in 20.10s, 424.89MB read
  Non-2xx or 3xx responses: 773957
Requests/sec: 153949.59
Transfer/sec:     21.14MB
  rep 10/10: Router A (pattern) -> 153949.59 req/sec

=== Concurrency 100 — 10 interleaved, randomized-order reps ===

[RAW OUTPUT] Router A (pattern) | concurrency=100 | rep=1
Running 20s test @ http://localhost:8080
  4 threads and 100 connections
  Thread Stats   Avg      Stdev     Max   +/- Stdev
    Latency   460.88us  357.82us   7.54ms   91.48%
    Req/Sec    40.98k     3.81k   58.36k    70.12%
  Latency Distribution
     50%  384.00us
     75%  523.00us
     90%  756.00us
     99%    2.01ms
  3262302 requests in 20.02s, 447.93MB read
  Non-2xx or 3xx responses: 816470
Requests/sec: 162951.55
Transfer/sec:     22.37MB
  rep 1/10: Router A (pattern) -> 162951.55 req/sec

[RAW OUTPUT] Router B (custom) | concurrency=100 | rep=1
Running 20s test @ http://localhost:8081
  4 threads and 100 connections
  Thread Stats   Avg      Stdev     Max   +/- Stdev
    Latency   450.89us  345.08us   9.60ms   91.10%
    Req/Sec    40.94k     3.94k   54.40k    68.00%
  Latency Distribution
     50%  375.00us
     75%  518.00us
     90%  749.00us
     99%    1.91ms
  3258936 requests in 20.02s, 421.07MB read
  Non-2xx or 3xx responses: 815672
Requests/sec: 162759.85
Transfer/sec:     21.03MB
  rep 1/10: Router B (custom) -> 162759.85 req/sec

[RAW OUTPUT] Router A (pattern) | concurrency=100 | rep=2
Running 20s test @ http://localhost:8080
  4 threads and 100 connections
  Thread Stats   Avg      Stdev     Max   +/- Stdev
    Latency   458.36us  353.83us   7.91ms   91.35%
    Req/Sec    40.75k     4.05k   53.54k    67.12%
  Latency Distribution
     50%  381.00us
     75%  523.00us
     90%  757.00us
     99%    1.99ms
  3244371 requests in 20.02s, 445.47MB read
  Non-2xx or 3xx responses: 811992
Requests/sec: 162083.36
Transfer/sec:     22.25MB
  rep 2/10: Router A (pattern) -> 162083.36 req/sec

[RAW OUTPUT] Router B (custom) | concurrency=100 | rep=2
Running 20s test @ http://localhost:8081
  4 threads and 100 connections
  Thread Stats   Avg      Stdev     Max   +/- Stdev
    Latency   450.59us  343.33us   8.39ms   91.22%
    Req/Sec    41.09k     3.94k   54.01k    67.75%
  Latency Distribution
     50%  376.00us
     75%  517.00us
     90%  743.00us
     99%    1.91ms
  3271326 requests in 20.02s, 422.68MB read
  Non-2xx or 3xx responses: 818694
Requests/sec: 163401.97
Transfer/sec:     21.11MB
  rep 2/10: Router B (custom) -> 163401.97 req/sec

[RAW OUTPUT] Router B (custom) | concurrency=100 | rep=3
Running 20s test @ http://localhost:8081
  4 threads and 100 connections
  Thread Stats   Avg      Stdev     Max   +/- Stdev
    Latency   451.35us  350.59us   7.86ms   91.48%
    Req/Sec    41.12k     4.57k   56.04k    72.12%
  Latency Distribution
     50%  378.00us
     75%  515.00us
     90%  740.00us
     99%    1.96ms
  3273054 requests in 20.02s, 422.90MB read
  Non-2xx or 3xx responses: 819138
Requests/sec: 163525.46
Transfer/sec:     21.13MB
  rep 3/10: Router B (custom) -> 163525.46 req/sec

[RAW OUTPUT] Router A (pattern) | concurrency=100 | rep=3
Running 20s test @ http://localhost:8080
  4 threads and 100 connections
  Thread Stats   Avg      Stdev     Max   +/- Stdev
    Latency   458.54us  347.91us   8.96ms   91.05%
    Req/Sec    40.63k     3.77k   54.08k    68.50%
  Latency Distribution
     50%  382.00us
     75%  526.00us
     90%  758.00us
     99%    1.95ms
  3234306 requests in 20.02s, 444.09MB read
  Non-2xx or 3xx responses: 809435
Requests/sec: 161571.04
Transfer/sec:     22.18MB
  rep 3/10: Router A (pattern) -> 161571.04 req/sec

[RAW OUTPUT] Router A (pattern) | concurrency=100 | rep=4
Running 20s test @ http://localhost:8080
  4 threads and 100 connections
  Thread Stats   Avg      Stdev     Max   +/- Stdev
    Latency   453.04us  345.29us   8.78ms   91.34%
    Req/Sec    40.93k     4.50k   54.21k    70.62%
  Latency Distribution
     50%  380.00us
     75%  518.00us
     90%  742.00us
     99%    1.94ms
  3258558 requests in 20.02s, 447.42MB read
  Non-2xx or 3xx responses: 815421
Requests/sec: 162795.36
Transfer/sec:     22.35MB
  rep 4/10: Router A (pattern) -> 162795.36 req/sec

[RAW OUTPUT] Router B (custom) | concurrency=100 | rep=4
Running 20s test @ http://localhost:8081
  4 threads and 100 connections
  Thread Stats   Avg      Stdev     Max   +/- Stdev
    Latency   452.25us  341.53us   9.52ms   90.87%
    Req/Sec    40.89k     3.81k   52.16k    70.75%
  Latency Distribution
     50%  378.00us
     75%  521.00us
     90%  751.00us
     99%    1.87ms
  3254832 requests in 20.01s, 420.55MB read
  Non-2xx or 3xx responses: 814433
Requests/sec: 162675.65
Transfer/sec:     21.02MB
  rep 4/10: Router B (custom) -> 162675.65 req/sec

[RAW OUTPUT] Router A (pattern) | concurrency=100 | rep=5
Running 20s test @ http://localhost:8080
  4 threads and 100 connections
  Thread Stats   Avg      Stdev     Max   +/- Stdev
    Latency   453.44us  339.01us  12.69ms   90.69%
    Req/Sec    40.64k     4.13k   53.42k    70.12%
  Latency Distribution
     50%  378.00us
     75%  524.00us
     90%  755.00us
     99%    1.86ms
  3234809 requests in 20.01s, 444.16MB read
  Non-2xx or 3xx responses: 809466
Requests/sec: 161626.50
Transfer/sec:     22.19MB
  rep 5/10: Router A (pattern) -> 161626.50 req/sec

[RAW OUTPUT] Router B (custom) | concurrency=100 | rep=5
Running 20s test @ http://localhost:8081
  4 threads and 100 connections
  Thread Stats   Avg      Stdev     Max   +/- Stdev
    Latency   452.96us  343.55us   9.14ms   91.12%
    Req/Sec    41.13k     3.76k   51.86k    67.38%
  Latency Distribution
     50%  379.00us
     75%  518.00us
     90%  746.00us
     99%    1.92ms
  3274577 requests in 20.01s, 423.10MB read
  Non-2xx or 3xx responses: 819450
Requests/sec: 163639.82
Transfer/sec:     21.14MB
  rep 5/10: Router B (custom) -> 163639.82 req/sec

[RAW OUTPUT] Router A (pattern) | concurrency=100 | rep=6
Running 20s test @ http://localhost:8080
  4 threads and 100 connections
  Thread Stats   Avg      Stdev     Max   +/- Stdev
    Latency   452.30us  348.41us   9.07ms   91.47%
    Req/Sec    40.89k     4.40k   53.16k    65.00%
  Latency Distribution
     50%  378.00us
     75%  517.00us
     90%  743.00us
     99%    1.97ms
  3255009 requests in 20.02s, 446.93MB read
  Non-2xx or 3xx responses: 814627
Requests/sec: 162619.13
Transfer/sec:     22.33MB
  rep 6/10: Router A (pattern) -> 162619.13 req/sec

[RAW OUTPUT] Router B (custom) | concurrency=100 | rep=6
Running 20s test @ http://localhost:8081
  4 threads and 100 connections
  Thread Stats   Avg      Stdev     Max   +/- Stdev
    Latency   454.76us  347.59us   8.22ms   91.10%
    Req/Sec    41.00k     3.76k   51.29k    68.12%
  Latency Distribution
     50%  378.00us
     75%  520.00us
     90%  754.00us
     99%    1.97ms
  3263544 requests in 20.01s, 421.68MB read
  Non-2xx or 3xx responses: 816665
Requests/sec: 163070.06
Transfer/sec:     21.07MB
  rep 6/10: Router B (custom) -> 163070.06 req/sec

[RAW OUTPUT] Router B (custom) | concurrency=100 | rep=7
Running 20s test @ http://localhost:8081
  4 threads and 100 connections
  Thread Stats   Avg      Stdev     Max   +/- Stdev
    Latency   446.08us  341.59us  13.36ms   91.43%
    Req/Sec    41.29k     4.84k   54.65k    71.12%
  Latency Distribution
     50%  376.00us
     75%  512.00us
     90%  728.00us
     99%    1.90ms
  3286687 requests in 20.01s, 424.67MB read
  Non-2xx or 3xx responses: 822390
Requests/sec: 164213.90
Transfer/sec:     21.22MB
  rep 7/10: Router B (custom) -> 164213.90 req/sec

[RAW OUTPUT] Router A (pattern) | concurrency=100 | rep=7
Running 20s test @ http://localhost:8080
  4 threads and 100 connections
  Thread Stats   Avg      Stdev     Max   +/- Stdev
    Latency   456.12us  346.32us  14.44ms   91.01%
    Req/Sec    40.71k     3.93k   53.19k    67.88%
  Latency Distribution
     50%  380.00us
     75%  523.00us
     90%  757.00us
     99%    1.93ms
  3240026 requests in 20.02s, 444.88MB read
  Non-2xx or 3xx responses: 810740
Requests/sec: 161869.08
Transfer/sec:     22.23MB
  rep 7/10: Router A (pattern) -> 161869.08 req/sec

[RAW OUTPUT] Router B (custom) | concurrency=100 | rep=8
Running 20s test @ http://localhost:8081
  4 threads and 100 connections
  Thread Stats   Avg      Stdev     Max   +/- Stdev
    Latency   455.19us  355.05us   7.81ms   91.63%
    Req/Sec    41.03k     4.27k   51.06k    70.75%
  Latency Distribution
     50%  379.00us
     75%  518.00us
     90%  743.00us
     99%    2.03ms
  3266182 requests in 20.02s, 422.02MB read
  Non-2xx or 3xx responses: 817370
Requests/sec: 163131.53
Transfer/sec:     21.08MB
  rep 8/10: Router B (custom) -> 163131.53 req/sec

[RAW OUTPUT] Router A (pattern) | concurrency=100 | rep=8
Running 20s test @ http://localhost:8080
  4 threads and 100 connections
  Thread Stats   Avg      Stdev     Max   +/- Stdev
    Latency   455.50us  340.60us   7.01ms   90.81%
    Req/Sec    40.80k     3.64k   56.29k    69.12%
  Latency Distribution
     50%  380.00us
     75%  524.00us
     90%  754.00us
     99%    1.89ms
  3247231 requests in 20.01s, 445.87MB read
  Non-2xx or 3xx responses: 812582
Requests/sec: 162263.69
Transfer/sec:     22.28MB
  rep 8/10: Router A (pattern) -> 162263.69 req/sec

[RAW OUTPUT] Router A (pattern) | concurrency=100 | rep=9
Running 20s test @ http://localhost:8080
  4 threads and 100 connections
  Thread Stats   Avg      Stdev     Max   +/- Stdev
    Latency   465.72us  359.63us   7.56ms   91.30%
    Req/Sec    40.82k     3.55k   53.13k    71.38%
  Latency Distribution
     50%  387.00us
     75%  528.00us
     90%  766.00us
     99%    2.03ms
  3249330 requests in 20.02s, 446.15MB read
  Non-2xx or 3xx responses: 813218
Requests/sec: 162338.70
Transfer/sec:     22.29MB
  rep 9/10: Router A (pattern) -> 162338.70 req/sec

[RAW OUTPUT] Router B (custom) | concurrency=100 | rep=9
Running 20s test @ http://localhost:8081
  4 threads and 100 connections
  Thread Stats   Avg      Stdev     Max   +/- Stdev
    Latency   454.20us  359.69us   8.55ms   91.72%
    Req/Sec    41.24k     4.29k   56.63k    68.12%
  Latency Distribution
     50%  378.00us
     75%  516.00us
     90%  746.00us
     99%    2.05ms
  3282586 requests in 20.02s, 424.14MB read
  Non-2xx or 3xx responses: 821454
Requests/sec: 163956.06
Transfer/sec:     21.18MB
  rep 9/10: Router B (custom) -> 163956.06 req/sec

[RAW OUTPUT] Router B (custom) | concurrency=100 | rep=10
Running 20s test @ http://localhost:8081
  4 threads and 100 connections
  Thread Stats   Avg      Stdev     Max   +/- Stdev
    Latency   449.56us  346.63us  11.25ms   91.38%
    Req/Sec    41.64k     4.79k   53.89k    71.75%
  Latency Distribution
     50%  379.00us
     75%  512.00us
     90%  737.00us
     99%    1.93ms
  3315362 requests in 20.02s, 428.38MB read
  Non-2xx or 3xx responses: 829463
Requests/sec: 165605.41
Transfer/sec:     21.40MB
  rep 10/10: Router B (custom) -> 165605.41 req/sec

[RAW OUTPUT] Router A (pattern) | concurrency=100 | rep=10
Running 20s test @ http://localhost:8080
  4 threads and 100 connections
  Thread Stats   Avg      Stdev     Max   +/- Stdev
    Latency   453.03us  339.26us   9.96ms   90.78%
    Req/Sec    40.75k     4.27k   52.53k    65.62%
  Latency Distribution
     50%  379.00us
     75%  521.00us
     90%  753.00us
     99%    1.88ms
  3243701 requests in 20.02s, 445.38MB read
  Non-2xx or 3xx responses: 811721
Requests/sec: 162012.75
Transfer/sec:     22.25MB
  rep 10/10: Router A (pattern) -> 162012.75 req/sec

=== Concurrency 500 — 10 interleaved, randomized-order reps ===

[RAW OUTPUT] Router B (custom) | concurrency=500 | rep=1
Running 20s test @ http://localhost:8081
  4 threads and 500 connections
  Thread Stats   Avg      Stdev     Max   +/- Stdev
    Latency     2.20ms    1.55ms  69.14ms   83.42%
    Req/Sec    41.24k     4.42k   54.54k    68.00%
  Latency Distribution
     50%    1.76ms
     75%    2.73ms
     90%    4.12ms
     99%    7.18ms
  3289766 requests in 20.09s, 425.06MB read
  Non-2xx or 3xx responses: 823266
Requests/sec: 163785.33
Transfer/sec:     21.16MB
  rep 1/10: Router B (custom) -> 163785.33 req/sec

[RAW OUTPUT] Router A (pattern) | concurrency=500 | rep=1
Running 20s test @ http://localhost:8080
  4 threads and 500 connections
  Thread Stats   Avg      Stdev     Max   +/- Stdev
    Latency     2.14ms    1.42ms  48.31ms   81.27%
    Req/Sec    41.81k     4.69k   57.18k    67.04%
  Latency Distribution
     50%    1.71ms
     75%    2.66ms
     90%    4.00ms
     99%    6.97ms
  3326440 requests in 20.09s, 456.76MB read
  Non-2xx or 3xx responses: 832052
Requests/sec: 165574.24
Transfer/sec:     22.74MB
  rep 1/10: Router A (pattern) -> 165574.24 req/sec

[RAW OUTPUT] Router A (pattern) | concurrency=500 | rep=2
Running 20s test @ http://localhost:8080
  4 threads and 500 connections
  Thread Stats   Avg      Stdev     Max   +/- Stdev
    Latency     2.17ms    1.41ms  27.41ms   79.91%
    Req/Sec    41.80k     4.11k   53.44k    69.50%
  Latency Distribution
     50%    1.75ms
     75%    2.72ms
     90%    4.07ms
     99%    7.03ms
  3334659 requests in 20.10s, 457.88MB read
  Non-2xx or 3xx responses: 834314
Requests/sec: 165907.53
Transfer/sec:     22.78MB
  rep 2/10: Router A (pattern) -> 165907.53 req/sec

[RAW OUTPUT] Router B (custom) | concurrency=500 | rep=2
Running 20s test @ http://localhost:8081
  4 threads and 500 connections
  Thread Stats   Avg      Stdev     Max   +/- Stdev
    Latency     2.18ms    1.46ms  51.24ms   81.91%
    Req/Sec    41.02k     4.34k   59.72k    69.46%
  Latency Distribution
     50%    1.75ms
     75%    2.70ms
     90%    4.05ms
     99%    7.10ms
  3268520 requests in 20.10s, 422.32MB read
  Non-2xx or 3xx responses: 817834
Requests/sec: 162628.95
Transfer/sec:     21.01MB
  rep 2/10: Router B (custom) -> 162628.95 req/sec

[RAW OUTPUT] Router A (pattern) | concurrency=500 | rep=3
Running 20s test @ http://localhost:8080
  4 threads and 500 connections
  Thread Stats   Avg      Stdev     Max   +/- Stdev
    Latency     2.14ms    1.36ms  27.53ms   79.94%
    Req/Sec    41.43k     4.15k   62.10k    68.17%
  Latency Distribution
     50%    1.74ms
     75%    2.67ms
     90%    3.97ms
     99%    6.89ms
  3297160 requests in 20.09s, 452.74MB read
  Non-2xx or 3xx responses: 824872
Requests/sec: 164086.35
Transfer/sec:     22.53MB
  rep 3/10: Router A (pattern) -> 164086.35 req/sec

[RAW OUTPUT] Router B (custom) | concurrency=500 | rep=3
Running 20s test @ http://localhost:8081
  4 threads and 500 connections
  Thread Stats   Avg      Stdev     Max   +/- Stdev
    Latency     2.17ms    1.41ms  31.26ms   80.60%
    Req/Sec    41.01k     4.50k   54.21k    65.00%
  Latency Distribution
     50%    1.75ms
     75%    2.69ms
     90%    4.03ms
     99%    7.02ms
  3271981 requests in 20.09s, 422.77MB read
  Non-2xx or 3xx responses: 818775
Requests/sec: 162861.73
Transfer/sec:     21.04MB
  rep 3/10: Router B (custom) -> 162861.73 req/sec

[RAW OUTPUT] Router B (custom) | concurrency=500 | rep=4
Running 20s test @ http://localhost:8081
  4 threads and 500 connections
  Thread Stats   Avg      Stdev     Max   +/- Stdev
    Latency     2.20ms    1.42ms  30.62ms   80.04%
    Req/Sec    40.91k     3.86k   56.06k    69.50%
  Latency Distribution
     50%    1.78ms
     75%    2.75ms
     90%    4.10ms
     99%    7.10ms
  3262816 requests in 20.09s, 421.58MB read
  Non-2xx or 3xx responses: 816571
Requests/sec: 162374.23
Transfer/sec:     20.98MB
  rep 4/10: Router B (custom) -> 162374.23 req/sec

[RAW OUTPUT] Router A (pattern) | concurrency=500 | rep=4
Running 20s test @ http://localhost:8080
  4 threads and 500 connections
  Thread Stats   Avg      Stdev     Max   +/- Stdev
    Latency     2.14ms    1.37ms  26.27ms   80.22%
    Req/Sec    41.48k     3.97k   55.68k    65.88%
  Latency Distribution
     50%    1.73ms
     75%    2.66ms
     90%    3.97ms
     99%    6.89ms
  3307829 requests in 20.08s, 454.19MB read
  Non-2xx or 3xx responses: 827776
Requests/sec: 164706.42
Transfer/sec:     22.62MB
  rep 4/10: Router A (pattern) -> 164706.42 req/sec

[RAW OUTPUT] Router A (pattern) | concurrency=500 | rep=5
Running 20s test @ http://localhost:8080
  4 threads and 500 connections
  Thread Stats   Avg      Stdev     Max   +/- Stdev
    Latency     2.17ms    1.39ms  25.56ms   79.78%
    Req/Sec    41.66k     3.83k   53.48k    70.00%
  Latency Distribution
     50%    1.75ms
     75%    2.71ms
     90%    4.04ms
     99%    6.97ms
  3322672 requests in 20.10s, 456.23MB read
  Non-2xx or 3xx responses: 831469
Requests/sec: 165303.80
Transfer/sec:     22.70MB
  rep 5/10: Router A (pattern) -> 165303.80 req/sec

[RAW OUTPUT] Router B (custom) | concurrency=500 | rep=5
Running 20s test @ http://localhost:8081
  4 threads and 500 connections
  Thread Stats   Avg      Stdev     Max   +/- Stdev
    Latency     2.22ms    1.56ms  62.11ms   83.89%
    Req/Sec    40.56k     3.26k   50.51k    71.68%
  Latency Distribution
     50%    1.80ms
     75%    2.78ms
     90%    4.10ms
     99%    7.10ms
  3228607 requests in 20.09s, 417.16MB read
  Non-2xx or 3xx responses: 808013
Requests/sec: 160699.59
Transfer/sec:     20.76MB
  rep 5/10: Router B (custom) -> 160699.59 req/sec

[RAW OUTPUT] Router B (custom) | concurrency=500 | rep=6
Running 20s test @ http://localhost:8081
  4 threads and 500 connections
  Thread Stats   Avg      Stdev     Max   +/- Stdev
    Latency     2.20ms    1.44ms  40.66ms   80.61%
    Req/Sec    40.92k     3.94k   56.46k    71.43%
  Latency Distribution
     50%    1.78ms
     75%    2.76ms
     90%    4.11ms
     99%    7.11ms
  3255801 requests in 20.10s, 420.67MB read
  Non-2xx or 3xx responses: 814880
Requests/sec: 161985.38
Transfer/sec:     20.93MB
  rep 6/10: Router B (custom) -> 161985.38 req/sec

[RAW OUTPUT] Router A (pattern) | concurrency=500 | rep=6
Running 20s test @ http://localhost:8080
  4 threads and 500 connections
  Thread Stats   Avg      Stdev     Max   +/- Stdev
    Latency     2.14ms    1.37ms  25.04ms   80.25%
    Req/Sec    41.52k     4.48k   58.17k    69.92%
  Latency Distribution
     50%    1.72ms
     75%    2.66ms
     90%    3.98ms
     99%    6.94ms
  3303821 requests in 20.09s, 453.64MB read
  Non-2xx or 3xx responses: 826689
Requests/sec: 164466.18
Transfer/sec:     22.58MB
  rep 6/10: Router A (pattern) -> 164466.18 req/sec

[RAW OUTPUT] Router A (pattern) | concurrency=500 | rep=7
Running 20s test @ http://localhost:8080
  4 threads and 500 connections
  Thread Stats   Avg      Stdev     Max   +/- Stdev
    Latency     2.15ms    1.38ms  26.94ms   80.18%
    Req/Sec    41.66k     4.17k   58.08k    69.62%
  Latency Distribution
     50%    1.73ms
     75%    2.69ms
     90%    3.99ms
     99%    6.92ms
  3322186 requests in 20.09s, 456.16MB read
  Non-2xx or 3xx responses: 831350
Requests/sec: 165357.22
Transfer/sec:     22.70MB
  rep 7/10: Router A (pattern) -> 165357.22 req/sec

[RAW OUTPUT] Router B (custom) | concurrency=500 | rep=7
Running 20s test @ http://localhost:8081
  4 threads and 500 connections
  Thread Stats   Avg      Stdev     Max   +/- Stdev
    Latency     2.20ms    1.45ms  44.45ms   81.13%
    Req/Sec    40.85k     4.22k   54.21k    66.50%
  Latency Distribution
     50%    1.78ms
     75%    2.72ms
     90%    4.08ms
     99%    7.08ms
  3258196 requests in 20.09s, 420.98MB read
  Non-2xx or 3xx responses: 815339
Requests/sec: 162200.40
Transfer/sec:     20.96MB
  rep 7/10: Router B (custom) -> 162200.40 req/sec

[RAW OUTPUT] Router A (pattern) | concurrency=500 | rep=8
Running 20s test @ http://localhost:8080
  4 threads and 500 connections
  Thread Stats   Avg      Stdev     Max   +/- Stdev
    Latency     2.13ms    1.37ms  30.17ms   80.48%
    Req/Sec    41.40k     4.63k   57.29k    66.96%
  Latency Distribution
     50%    1.71ms
     75%    2.65ms
     90%    3.95ms
     99%    6.87ms
  3298441 requests in 20.10s, 452.90MB read
  Non-2xx or 3xx responses: 825388
Requests/sec: 164101.29
Transfer/sec:     22.53MB
  rep 8/10: Router A (pattern) -> 164101.29 req/sec

[RAW OUTPUT] Router B (custom) | concurrency=500 | rep=8
Running 20s test @ http://localhost:8081
  4 threads and 500 connections
  Thread Stats   Avg      Stdev     Max   +/- Stdev
    Latency     2.20ms    1.53ms  62.20ms   83.34%
    Req/Sec    41.02k     3.88k   53.25k    68.62%
  Latency Distribution
     50%    1.78ms
     75%    2.74ms
     90%    4.09ms
     99%    7.05ms
  3271274 requests in 20.09s, 422.68MB read
  Non-2xx or 3xx responses: 818602
Requests/sec: 162809.21
Transfer/sec:     21.04MB
  rep 8/10: Router B (custom) -> 162809.21 req/sec

[RAW OUTPUT] Router B (custom) | concurrency=500 | rep=9
Running 20s test @ http://localhost:8081
  4 threads and 500 connections
  Thread Stats   Avg      Stdev     Max   +/- Stdev
    Latency     2.18ms    1.42ms  37.82ms   80.36%
    Req/Sec    41.18k     4.26k   56.00k    71.00%
  Latency Distribution
     50%    1.76ms
     75%    2.72ms
     90%    4.08ms
     99%    7.05ms
  3284769 requests in 20.10s, 424.43MB read
  Non-2xx or 3xx responses: 821892
Requests/sec: 163441.48
Transfer/sec:     21.12MB
  rep 9/10: Router B (custom) -> 163441.48 req/sec

[RAW OUTPUT] Router A (pattern) | concurrency=500 | rep=9
Running 20s test @ http://localhost:8080
  4 threads and 500 connections
  Thread Stats   Avg      Stdev     Max   +/- Stdev
    Latency     2.20ms    1.42ms  36.58ms   79.51%
    Req/Sec    41.70k     3.64k   57.21k    68.17%
  Latency Distribution
     50%    1.79ms
     75%    2.76ms
     90%    4.11ms
     99%    7.02ms
  3319621 requests in 20.10s, 455.81MB read
  Non-2xx or 3xx responses: 830608
Requests/sec: 165174.15
Transfer/sec:     22.68MB
  rep 9/10: Router A (pattern) -> 165174.15 req/sec

[RAW OUTPUT] Router B (custom) | concurrency=500 | rep=10
Running 20s test @ http://localhost:8081
  4 threads and 500 connections
  Thread Stats   Avg      Stdev     Max   +/- Stdev
    Latency     2.17ms    1.39ms  33.54ms   80.47%
    Req/Sec    40.79k     4.04k   53.89k    66.58%
  Latency Distribution
     50%    1.75ms
     75%    2.70ms
     90%    4.00ms
     99%    6.92ms
  3249043 requests in 20.09s, 419.81MB read
  Non-2xx or 3xx responses: 812982
Requests/sec: 161710.06
Transfer/sec:     20.89MB
  rep 10/10: Router B (custom) -> 161710.06 req/sec

[RAW OUTPUT] Router A (pattern) | concurrency=500 | rep=10
Running 20s test @ http://localhost:8080
  4 threads and 500 connections
  Thread Stats   Avg      Stdev     Max   +/- Stdev
    Latency     2.14ms    1.37ms  30.27ms   80.31%
    Req/Sec    41.51k     4.31k   55.63k    64.83%
  Latency Distribution
     50%    1.72ms
     75%    2.65ms
     90%    3.97ms
     99%    6.89ms
  3306096 requests in 20.09s, 453.96MB read
  Non-2xx or 3xx responses: 827278
Requests/sec: 164555.63
Transfer/sec:     22.59MB
  rep 10/10: Router A (pattern) -> 164555.63 req/sec

===================================================================
 SUMMARY (per concurrency level, across 10 reps)
===================================================================
Router                       Conns  N      Mean       Median     Stdev     Min       Max      
------------------------------------------------------------------------------------------
Router A (pattern)           10     10     107958.01  107822.39  834.29    106594.09 109009.50
Router B (custom)            10     10     107859.99  107809.48  657.79    106858.84 108822.80
Router A (pattern)           50     10     156019.67  155883.43  1694.52   153893.30 158654.70
Router B (custom)            50     10     157105.40  157420.05  1449.71   154867.43 158769.48
Router A (pattern)           100    10     162213.12  162173.52  471.31    161571.04 162951.55
Router B (custom)            100    10     163597.97  163463.71  858.44    162675.65 165605.41
Router A (pattern)           500    10     164923.28  164940.29  628.56    164086.35 165907.53
Router B (custom)            500    10     162449.64  162501.59  881.42    160699.59 163785.33

===================================================================
 HEAD-TO-HEAD COMPARISON PER CONCURRENCY LEVEL
 (rough Welch's-t heuristic: |t| > 2 ~ probably real, else ~ noise)
===================================================================
concurrency=10: mean_A=107958.00 mean_B=107860.00 diff=0.09% t=0.29 -> no clear difference (within noise)
concurrency=50: mean_A=156020.00 mean_B=157105.00 diff=-0.69% t=-1.54 -> no clear difference (within noise)
concurrency=100: mean_A=162213.00 mean_B=163598.00 diff=-0.85% t=-4.47 -> B likely faster
concurrency=500: mean_A=164923.00 mean_B=162450.00 diff=1.52% t=7.22 -> A likely faster

Full log (including every raw wrk run) saved to: /home/skippy/Documents/personal/simple_http/results_20260822_200412.log
